  [1m[35mSQL (0.4ms)[0m  [1m[35mSET search_path TO public /*application='Backend'*/[0m
  [1m[35m (708.1ms)[0m  [1m[35mCREATE DATABASE "backend_development" ENCODING = 'unicode' /*application='Backend'*/[0m
  [1m[35mSQL (0.2ms)[0m  [1m[35mSET search_path TO public /*application='Backend'*/[0m
  [1m[35m (267.9ms)[0m  [1m[35mCREATE DATABASE "backend_test" ENCODING = 'unicode' /*application='Backend'*/[0m
  [1m[35mSQL (0.2ms)[0m  [1m[35mSET search_path TO public /*application='Backend'*/[0m
  [1m[35m (23.7ms)[0m  [1m[35mCREATE DATABASE "backend_development" ENCODING = 'unicode' /*application='Backend'*/[0m
  [1m[35mSQL (0.1ms)[0m  [1m[35mSET search_path TO public /*application='Backend'*/[0m
  [1m[35m (32.6ms)[0m  [1m[35mCREATE DATABASE "backend_test" ENCODING = 'unicode' /*application='Backend'*/[0m
  [1m[35m (16.5ms)[0m  [1m[35mCREATE TABLE "schema_migrations" ("version" character varying NOT NULL PRIMARY KEY) /*application='Backend'*/[0m
  [1m[35m (25.0ms)[0m  [1m[35mCREATE TABLE "ar_internal_metadata" ("key" character varying NOT NULL PRIMARY KEY, "value" character varying, "created_at" timestamp(6) NOT NULL, "updated_at" timestamp(6) NOT NULL) /*application='Backend'*/[0m
  [1m[35m (0.2ms)[0m  [1m[34mSELECT pg_try_advisory_lock(5073945470573576205) /*application='Backend'*/[0m
  [1m[36mActiveRecord::SchemaMigration Load (0.7ms)[0m  [1m[34mSELECT "schema_migrations"."version" FROM "schema_migrations" ORDER BY "schema_migrations"."version" ASC /*application='Backend'*/[0m
  [1m[36mActiveRecord::InternalMetadata Load (29.1ms)[0m  [1m[34mSELECT * FROM "ar_internal_metadata" WHERE "ar_internal_metadata"."key" = 'environment' ORDER BY "ar_internal_metadata"."key" ASC LIMIT 1 /*application='Backend'*/[0m
  [1m[36mActiveRecord::InternalMetadata Create (28.1ms)[0m  [1m[32mINSERT INTO "ar_internal_metadata" ("key", "value", "created_at", "updated_at") VALUES ('environment', 'development', '2026-07-26 03:39:55.696066', '2026-07-26 03:39:55.696071') RETURNING "key" /*application='Backend'*/[0m
Migrating to CreateUsers (20260726033121)
  [1m[36mTRANSACTION (40.2ms)[0m  [1m[35mBEGIN /*application='Backend'*/[0m
  [1m[35m (52.0ms)[0m  [1m[35mCREATE TABLE "users" ("id" bigserial primary key, "email" character varying, "password_digest" character varying, "name" character varying, "role" integer, "created_at" timestamp(6) NOT NULL, "updated_at" timestamp(6) NOT NULL) /*application='Backend'*/[0m
  [1m[35m (1.9ms)[0m  [1m[35mCREATE UNIQUE INDEX "index_users_on_email" ON "users" ("email") /*application='Backend'*/[0m
  [1m[36mActiveRecord::SchemaMigration Create (0.7ms)[0m  [1m[32mINSERT INTO "schema_migrations" ("version") VALUES ('20260726033121') RETURNING "version" /*application='Backend'*/[0m
  [1m[36mTRANSACTION (40.7ms)[0m  [1m[35mCOMMIT /*application='Backend'*/[0m
Migrating to CreateLeads (20260726033133)
  [1m[36mTRANSACTION (39.6ms)[0m  [1m[35mBEGIN /*application='Backend'*/[0m
  [1m[35m (8.1ms)[0m  [1m[35mCREATE TABLE "leads" ("id" bigserial primary key, "name" character varying NOT NULL, "email" character varying NOT NULL, "phone" character varying, "company" character varying, "message" text, "status" integer DEFAULT 0 NOT NULL, "assigned_to_id" bigint, "created_at" timestamp(6) NOT NULL, "updated_at" timestamp(6) NOT NULL, CONSTRAINT "fk_rails_e68b669097"
FOREIGN KEY ("assigned_to_id")
  REFERENCES "users" ("id")
) /*application='Backend'*/[0m
  [1m[35m (1.1ms)[0m  [1m[35mCREATE INDEX "index_leads_on_assigned_to_id" ON "leads" ("assigned_to_id") /*application='Backend'*/[0m
  [1m[35m (123.7ms)[0m  [1m[35mCREATE INDEX "index_leads_on_email" ON "leads" ("email") /*application='Backend'*/[0m
  [1m[35m (1.5ms)[0m  [1m[35mCREATE INDEX "index_leads_on_status" ON "leads" ("status") /*application='Backend'*/[0m
  [1m[35m (1.5ms)[0m  [1m[35mCREATE INDEX "index_leads_on_created_at" ON "leads" ("created_at") /*application='Backend'*/[0m
  [1m[36mActiveRecord::SchemaMigration Create (3.0ms)[0m  [1m[32mINSERT INTO "schema_migrations" ("version") VALUES ('20260726033133') RETURNING "version" /*application='Backend'*/[0m
  [1m[36mTRANSACTION (0.3ms)[0m  [1m[35mCOMMIT /*application='Backend'*/[0m
Migrating to CreateNotes (20260726033136)
  [1m[36mTRANSACTION (160.2ms)[0m  [1m[35mBEGIN /*application='Backend'*/[0m
  [1m[35m (172.6ms)[0m  [1m[35mCREATE TABLE "notes" ("id" bigserial primary key, "user_id" bigint NOT NULL, "lead_id" bigint NOT NULL, "message" text, "created_at" timestamp(6) NOT NULL, "updated_at" timestamp(6) NOT NULL, CONSTRAINT "fk_rails_7f2323ad43"
FOREIGN KEY ("user_id")
  REFERENCES "users" ("id")
, CONSTRAINT "fk_rails_c82accd29c"
FOREIGN KEY ("lead_id")
  REFERENCES "leads" ("id")
) /*application='Backend'*/[0m
  [1m[35m (1.1ms)[0m  [1m[35mCREATE INDEX "index_notes_on_user_id" ON "notes" ("user_id") /*application='Backend'*/[0m
  [1m[35m (54.7ms)[0m  [1m[35mCREATE INDEX "index_notes_on_lead_id" ON "notes" ("lead_id") /*application='Backend'*/[0m
  [1m[36mActiveRecord::SchemaMigration Create (0.6ms)[0m  [1m[32mINSERT INTO "schema_migrations" ("version") VALUES ('20260726033136') RETURNING "version" /*application='Backend'*/[0m
  [1m[36mTRANSACTION (4.6ms)[0m  [1m[35mCOMMIT /*application='Backend'*/[0m
Migrating to CreateActivities (20260726033139)
  [1m[36mTRANSACTION (40.6ms)[0m  [1m[35mBEGIN /*application='Backend'*/[0m
  [1m[35m (198.5ms)[0m  [1m[35mCREATE TABLE "activities" ("id" bigserial primary key, "user_id" bigint NOT NULL, "lead_id" bigint NOT NULL, "action" character varying, "details" text, "created_at" timestamp(6) NOT NULL, "updated_at" timestamp(6) NOT NULL, CONSTRAINT "fk_rails_7e11bb717f"
FOREIGN KEY ("user_id")
  REFERENCES "users" ("id")
, CONSTRAINT "fk_rails_f3b558708c"
FOREIGN KEY ("lead_id")
  REFERENCES "leads" ("id")
) /*application='Backend'*/[0m
  [1m[35m (2.7ms)[0m  [1m[35mCREATE INDEX "index_activities_on_user_id" ON "activities" ("user_id") /*application='Backend'*/[0m
  [1m[35m (1.4ms)[0m  [1m[35mCREATE INDEX "index_activities_on_lead_id" ON "activities" ("lead_id") /*application='Backend'*/[0m
  [1m[36mActiveRecord::SchemaMigration Create (0.3ms)[0m  [1m[32mINSERT INTO "schema_migrations" ("version") VALUES ('20260726033139') RETURNING "version" /*application='Backend'*/[0m
  [1m[36mTRANSACTION (1.1ms)[0m  [1m[35mCOMMIT /*application='Backend'*/[0m
  [1m[35m (0.8ms)[0m  [1m[34mSELECT pg_advisory_unlock(5073945470573576205) /*application='Backend'*/[0m
  [1m[36mActiveRecord::SchemaMigration Load (0.5ms)[0m  [1m[34mSELECT "schema_migrations"."version" FROM "schema_migrations" ORDER BY "schema_migrations"."version" ASC /*application='Backend'*/[0m
  [1m[35mSQL (0.1ms)[0m  [1m[35mSET search_path TO public /*application='Backend'*/[0m
  [1m[35mSQL (0.5ms)[0m  [1m[35mSET search_path TO "$user", public /*application='Backend'*/[0m
  [1m[35mSQL (0.1ms)[0m  [1m[35mSET search_path TO public /*application='Backend'*/[0m
  [1m[35mSQL (0.1ms)[0m  [1m[35mSET search_path TO "$user", public /*application='Backend'*/[0m
  [1m[35m (0.8ms)[0m  [1m[34mSELECT pg_try_advisory_lock(5073945470573576205) /*application='Backend'*/[0m
  [1m[36mActiveRecord::SchemaMigration Load (2.2ms)[0m  [1m[34mSELECT "schema_migrations"."version" FROM "schema_migrations" ORDER BY "schema_migrations"."version" ASC /*application='Backend'*/[0m
  [1m[36mActiveRecord::InternalMetadata Load (41.2ms)[0m  [1m[34mSELECT * FROM "ar_internal_metadata" WHERE "ar_internal_metadata"."key" = 'environment' ORDER BY "ar_internal_metadata"."key" ASC LIMIT 1 /*application='Backend'*/[0m
Migrating to AllowNullUserInActivities (20260726034401)
  [1m[36mTRANSACTION (0.2ms)[0m  [1m[35mBEGIN /*application='Backend'*/[0m
  [1m[35m (46.8ms)[0m  [1m[35mALTER TABLE "activities" ALTER COLUMN "user_id" DROP NOT NULL /*application='Backend'*/[0m
  [1m[36mActiveRecord::SchemaMigration Create (0.5ms)[0m  [1m[32mINSERT INTO "schema_migrations" ("version") VALUES ('20260726034401') RETURNING "version" /*application='Backend'*/[0m
  [1m[36mTRANSACTION (1.2ms)[0m  [1m[35mCOMMIT /*application='Backend'*/[0m
  [1m[35m (0.6ms)[0m  [1m[34mSELECT pg_advisory_unlock(5073945470573576205) /*application='Backend'*/[0m
  [1m[36mActiveRecord::SchemaMigration Load (0.5ms)[0m  [1m[34mSELECT "schema_migrations"."version" FROM "schema_migrations" ORDER BY "schema_migrations"."version" ASC /*application='Backend'*/[0m
  [1m[35mSQL (0.2ms)[0m  [1m[35mSET search_path TO public /*application='Backend'*/[0m
  [1m[35mSQL (0.3ms)[0m  [1m[35mSET search_path TO "$user", public /*application='Backend'*/[0m
  [1m[35mSQL (0.2ms)[0m  [1m[35mSET search_path TO public /*application='Backend'*/[0m
  [1m[35mSQL (0.2ms)[0m  [1m[35mSET search_path TO "$user", public /*application='Backend'*/[0m
  [1m[35m (0.8ms)[0m  [1m[34mSELECT pg_try_advisory_lock(5073945470573576205) /*application='Backend'*/[0m
  [1m[36mActiveRecord::SchemaMigration Load (1.7ms)[0m  [1m[34mSELECT "schema_migrations"."version" FROM "schema_migrations" ORDER BY "schema_migrations"."version" ASC /*application='Backend'*/[0m
  [1m[36mActiveRecord::InternalMetadata Load (1.7ms)[0m  [1m[34mSELECT * FROM "ar_internal_metadata" WHERE "ar_internal_metadata"."key" = 'environment' ORDER BY "ar_internal_metadata"."key" ASC LIMIT 1 /*application='Backend'*/[0m
  [1m[35m (0.5ms)[0m  [1m[34mSELECT pg_advisory_unlock(5073945470573576205) /*application='Backend'*/[0m
  [1m[36mActiveRecord::SchemaMigration Load (2.7ms)[0m  [1m[34mSELECT "schema_migrations"."version" FROM "schema_migrations" ORDER BY "schema_migrations"."version" ASC /*application='Backend'*/[0m
  [1m[35mSQL (0.3ms)[0m  [1m[35mSET search_path TO public /*application='Backend'*/[0m
  [1m[35mSQL (0.4ms)[0m  [1m[35mSET search_path TO "$user", public /*application='Backend'*/[0m
  [1m[35mSQL (1.9ms)[0m  [1m[35mSET search_path TO public /*application='Backend'*/[0m
  [1m[35mSQL (0.3ms)[0m  [1m[35mSET search_path TO "$user", public /*application='Backend'*/[0m
  [1m[35m (1.3ms)[0m  [1m[34mSELECT pg_try_advisory_lock(5073945470573576205) /*application='Backend'*/[0m
  [1m[36mActiveRecord::SchemaMigration Load (3.6ms)[0m  [1m[34mSELECT "schema_migrations"."version" FROM "schema_migrations" ORDER BY "schema_migrations"."version" ASC /*application='Backend'*/[0m
  [1m[36mActiveRecord::InternalMetadata Load (3.0ms)[0m  [1m[34mSELECT * FROM "ar_internal_metadata" WHERE "ar_internal_metadata"."key" = 'environment' ORDER BY "ar_internal_metadata"."key" ASC LIMIT 1 /*application='Backend'*/[0m
  [1m[35m (0.6ms)[0m  [1m[34mSELECT pg_advisory_unlock(5073945470573576205) /*application='Backend'*/[0m
  [1m[36mActiveRecord::SchemaMigration Load (1.1ms)[0m  [1m[34mSELECT "schema_migrations"."version" FROM "schema_migrations" ORDER BY "schema_migrations"."version" ASC /*application='Backend'*/[0m
  [1m[35mSQL (0.5ms)[0m  [1m[35mSET search_path TO public /*application='Backend'*/[0m
  [1m[35mSQL (0.5ms)[0m  [1m[35mSET search_path TO "$user", public /*application='Backend'*/[0m
  [1m[35mSQL (0.8ms)[0m  [1m[35mSET search_path TO public /*application='Backend'*/[0m
  [1m[35mSQL (0.8ms)[0m  [1m[35mSET search_path TO "$user", public /*application='Backend'*/[0m
  [1m[36mActiveRecord::SchemaMigration Load (1.3ms)[0m  [1m[34mSELECT "schema_migrations"."version" FROM "schema_migrations" ORDER BY "schema_migrations"."version" ASC /*application='Backend'*/[0m
  [1m[36mUser Load (73.1ms)[0m  [1m[34mSELECT "users".* FROM "users" WHERE "users"."email" = 'admin@example.com' LIMIT 1 /*application='Backend'*/[0m
  [1m[36mTRANSACTION (0.7ms)[0m  [1m[35mBEGIN /*application='Backend'*/[0m
  [1m[36mUser Exists? (2.3ms)[0m  [1m[34mSELECT 1 AS one FROM "users" WHERE "users"."email" = 'admin@example.com' LIMIT 1 /*application='Backend'*/[0m
  [1m[36mUser Create (3.1ms)[0m  [1m[32mINSERT INTO "users" ("email", "password_digest", "name", "role", "created_at", "updated_at") VALUES ('admin@example.com', '$2a$12$azuI0gGznopTH.C6Qqurbu7yGmatWgvWTBkk6ZaYc9HMOqv.1jXZi', 'Admin User', 1, '2026-07-26 03:46:39.529107', '2026-07-26 03:46:39.529107') RETURNING "id" /*application='Backend'*/[0m
  [1m[36mTRANSACTION (1.3ms)[0m  [1m[35mCOMMIT /*application='Backend'*/[0m
  [1m[36mUser Load (2.7ms)[0m  [1m[34mSELECT "users".* FROM "users" WHERE "users"."email" = 'member1@example.com' LIMIT 1 /*application='Backend'*/[0m
  [1m[36mTRANSACTION (0.5ms)[0m  [1m[35mBEGIN /*application='Backend'*/[0m
  [1m[36mUser Exists? (28.3ms)[0m  [1m[34mSELECT 1 AS one FROM "users" WHERE "users"."email" = 'member1@example.com' LIMIT 1 /*application='Backend'*/[0m
  [1m[36mUser Create (1.2ms)[0m  [1m[32mINSERT INTO "users" ("email", "password_digest", "name", "role", "created_at", "updated_at") VALUES ('member1@example.com', '$2a$12$vPB8RonPvsLgJFx8WmG13u5ciBJ6SgYIt5HPtKVzEqpLJFA7pJKGS', 'Alice Johnson', 0, '2026-07-26 03:46:40.403876', '2026-07-26 03:46:40.403876') RETURNING "id" /*application='Backend'*/[0m
  [1m[36mTRANSACTION (4.5ms)[0m  [1m[35mCOMMIT /*application='Backend'*/[0m
  [1m[36mUser Load (1.0ms)[0m  [1m[34mSELECT "users".* FROM "users" WHERE "users"."email" = 'member2@example.com' LIMIT 1 /*application='Backend'*/[0m
  [1m[36mTRANSACTION (0.4ms)[0m  [1m[35mBEGIN /*application='Backend'*/[0m
  [1m[36mUser Exists? (18.4ms)[0m  [1m[34mSELECT 1 AS one FROM "users" WHERE "users"."email" = 'member2@example.com' LIMIT 1 /*application='Backend'*/[0m
  [1m[36mUser Create (1.3ms)[0m  [1m[32mINSERT INTO "users" ("email", "password_digest", "name", "role", "created_at", "updated_at") VALUES ('member2@example.com', '$2a$12$6epUESItaGKYhJOLWc2u9OttG.7JDI5kJ/LFP.IngeOjokEUrg8bK', 'Bob Smith', 0, '2026-07-26 03:46:41.322287', '2026-07-26 03:46:41.322287') RETURNING "id" /*application='Backend'*/[0m
  [1m[36mTRANSACTION (3.7ms)[0m  [1m[35mCOMMIT /*application='Backend'*/[0m
  [1m[36mUser Count (233.4ms)[0m  [1m[34mSELECT COUNT(*) FROM "users" /*application='Backend'*/[0m
  [1m[36mUser Count (451.6ms)[0m  [1m[34mSELECT COUNT(*) FROM "users" /*application='Backend'*/[0m
  [1m[36mActiveRecord::SchemaMigration Load (0.9ms)[0m  [1m[34mSELECT "schema_migrations"."version" FROM "schema_migrations" ORDER BY "schema_migrations"."version" ASC /*application='Backend'*/[0m
  [1m[36mActiveRecord::InternalMetadata Load (1.6ms)[0m  [1m[34mSELECT * FROM "ar_internal_metadata" WHERE "ar_internal_metadata"."key" = 'environment' ORDER BY "ar_internal_metadata"."key" ASC LIMIT 1 /*application='Backend'*/[0m
  [1m[36mActiveRecord::SchemaMigration Load (0.2ms)[0m  [1m[34mSELECT "schema_migrations"."version" FROM "schema_migrations" ORDER BY "schema_migrations"."version" ASC /*application='Backend'*/[0m
  [1m[36mActiveRecord::InternalMetadata Load (0.3ms)[0m  [1m[34mSELECT * FROM "ar_internal_metadata" WHERE "ar_internal_metadata"."key" = 'environment' ORDER BY "ar_internal_metadata"."key" ASC LIMIT 1 /*application='Backend'*/[0m
  [1m[36mActiveRecord::SchemaMigration Load (0.2ms)[0m  [1m[34mSELECT "schema_migrations"."version" FROM "schema_migrations" ORDER BY "schema_migrations"."version" ASC /*application='Backend'*/[0m
  [1m[36mActiveRecord::InternalMetadata Load (0.4ms)[0m  [1m[34mSELECT * FROM "ar_internal_metadata" WHERE "ar_internal_metadata"."key" = 'environment' ORDER BY "ar_internal_metadata"."key" ASC LIMIT 1 /*application='Backend'*/[0m
  [1m[35mSQL (41.1ms)[0m  [1m[35mCREATE EXTENSION IF NOT EXISTS "plpgsql" SCHEMA pg_catalog /*application='Backend'*/[0m
  [1m[35m (9.0ms)[0m  [1m[35mDROP TABLE IF EXISTS "activities" CASCADE /*application='Backend'*/[0m
  [1m[35m (9.2ms)[0m  [1m[35mCREATE TABLE "activities" ("id" bigserial primary key, "action" character varying, "created_at" timestamp(6) NOT NULL, "details" text, "lead_id" bigint NOT NULL, "updated_at" timestamp(6) NOT NULL, "user_id" bigint) /*application='Backend'*/[0m
  [1m[35m (2.1ms)[0m  [1m[35mCREATE INDEX "index_activities_on_lead_id" ON "activities" ("lead_id") /*application='Backend'*/[0m
  [1m[35m (41.5ms)[0m  [1m[35mCREATE INDEX "index_activities_on_user_id" ON "activities" ("user_id") /*application='Backend'*/[0m
  [1m[35m (4.9ms)[0m  [1m[35mDROP TABLE IF EXISTS "leads" CASCADE /*application='Backend'*/[0m
  [1m[35m (46.3ms)[0m  [1m[35mCREATE TABLE "leads" ("id" bigserial primary key, "assigned_to_id" bigint, "company" character varying, "created_at" timestamp(6) NOT NULL, "email" character varying NOT NULL, "message" text, "name" character varying NOT NULL, "phone" character varying, "status" integer DEFAULT 0 NOT NULL, "updated_at" timestamp(6) NOT NULL) /*application='Backend'*/[0m
  [1m[35m (81.3ms)[0m  [1m[35mCREATE INDEX "index_leads_on_assigned_to_id" ON "leads" ("assigned_to_id") /*application='Backend'*/[0m
  [1m[35m (1.4ms)[0m  [1m[35mCREATE INDEX "index_leads_on_created_at" ON "leads" ("created_at") /*application='Backend'*/[0m
  [1m[35m (1.7ms)[0m  [1m[35mCREATE INDEX "index_leads_on_email" ON "leads" ("email") /*application='Backend'*/[0m
  [1m[35m (81.2ms)[0m  [1m[35mCREATE INDEX "index_leads_on_status" ON "leads" ("status") /*application='Backend'*/[0m
  [1m[35m (4.3ms)[0m  [1m[35mDROP TABLE IF EXISTS "notes" CASCADE /*application='Backend'*/[0m
  [1m[35m (4.4ms)[0m  [1m[35mCREATE TABLE "notes" ("id" bigserial primary key, "created_at" timestamp(6) NOT NULL, "lead_id" bigint NOT NULL, "message" text, "updated_at" timestamp(6) NOT NULL, "user_id" bigint NOT NULL) /*application='Backend'*/[0m
  [1m[35m (1.9ms)[0m  [1m[35mCREATE INDEX "index_notes_on_lead_id" ON "notes" ("lead_id") /*application='Backend'*/[0m
  [1m[35m (1.5ms)[0m  [1m[35mCREATE INDEX "index_notes_on_user_id" ON "notes" ("user_id") /*application='Backend'*/[0m
  [1m[35m (2.3ms)[0m  [1m[35mDROP TABLE IF EXISTS "users" CASCADE /*application='Backend'*/[0m
  [1m[35m (4.9ms)[0m  [1m[35mCREATE TABLE "users" ("id" bigserial primary key, "created_at" timestamp(6) NOT NULL, "email" character varying, "name" character varying, "password_digest" character varying, "role" integer, "updated_at" timestamp(6) NOT NULL) /*application='Backend'*/[0m
  [1m[35m (82.7ms)[0m  [1m[35mCREATE UNIQUE INDEX "index_users_on_email" ON "users" ("email") /*application='Backend'*/[0m
  [1m[35m (13.6ms)[0m  [1m[35mALTER TABLE "activities" ADD CONSTRAINT "fk_rails_f3b558708c"
FOREIGN KEY ("lead_id")
  REFERENCES "leads" ("id")
 /*application='Backend'*/[0m
  [1m[35m (1.4ms)[0m  [1m[35mALTER TABLE "activities" ADD CONSTRAINT "fk_rails_7e11bb717f"
FOREIGN KEY ("user_id")
  REFERENCES "users" ("id")
 /*application='Backend'*/[0m
  [1m[35m (1.0ms)[0m  [1m[35mALTER TABLE "leads" ADD CONSTRAINT "fk_rails_e68b669097"
FOREIGN KEY ("assigned_to_id")
  REFERENCES "users" ("id")
 /*application='Backend'*/[0m
  [1m[35m (2.6ms)[0m  [1m[35mALTER TABLE "notes" ADD CONSTRAINT "fk_rails_c82accd29c"
FOREIGN KEY ("lead_id")
  REFERENCES "leads" ("id")
 /*application='Backend'*/[0m
  [1m[35m (1.4ms)[0m  [1m[35mALTER TABLE "notes" ADD CONSTRAINT "fk_rails_7f2323ad43"
FOREIGN KEY ("user_id")
  REFERENCES "users" ("id")
 /*application='Backend'*/[0m
  [1m[36mActiveRecord::SchemaMigration Load (0.2ms)[0m  [1m[34mSELECT "schema_migrations"."version" FROM "schema_migrations" ORDER BY "schema_migrations"."version" ASC /*application='Backend'*/[0m
  [1m[36mActiveRecord::InternalMetadata Load (0.2ms)[0m  [1m[34mSELECT * FROM "ar_internal_metadata" WHERE "ar_internal_metadata"."key" = 'environment' ORDER BY "ar_internal_metadata"."key" ASC LIMIT 1 /*application='Backend'*/[0m
  [1m[36mActiveRecord::InternalMetadata Load (0.2ms)[0m  [1m[34mSELECT * FROM "ar_internal_metadata" WHERE "ar_internal_metadata"."key" = 'environment' ORDER BY "ar_internal_metadata"."key" ASC LIMIT 1 /*application='Backend'*/[0m
  [1m[36mActiveRecord::InternalMetadata Load (0.2ms)[0m  [1m[34mSELECT * FROM "ar_internal_metadata" WHERE "ar_internal_metadata"."key" = 'schema_sha1' ORDER BY "ar_internal_metadata"."key" ASC LIMIT 1 /*application='Backend'*/[0m
  [1m[36mActiveRecord::InternalMetadata Create (41.3ms)[0m  [1m[32mINSERT INTO "ar_internal_metadata" ("key", "value", "created_at", "updated_at") VALUES ('schema_sha1', '7197527e0cad8649ad65b2eeefaf4ddcbe2791b8', '2026-07-26 04:34:37.336702', '2026-07-26 04:34:37.336705') RETURNING "key" /*application='Backend'*/[0m
  [1m[35mSQL (84.4ms)[0m  [1m[35mCREATE EXTENSION IF NOT EXISTS "plpgsql" SCHEMA pg_catalog /*application='Backend'*/[0m
  [1m[35m (0.2ms)[0m  [1m[35mDROP TABLE IF EXISTS "activities" CASCADE /*application='Backend'*/[0m
  [1m[35m (12.7ms)[0m  [1m[35mCREATE TABLE "activities" ("id" bigserial primary key, "action" character varying, "created_at" timestamp(6) NOT NULL, "details" text, "lead_id" bigint NOT NULL, "updated_at" timestamp(6) NOT NULL, "user_id" bigint) /*application='Backend'*/[0m
  [1m[35m (2.2ms)[0m  [1m[35mCREATE INDEX "index_activities_on_lead_id" ON "activities" ("lead_id") /*application='Backend'*/[0m
  [1m[35m (1.7ms)[0m  [1m[35mCREATE INDEX "index_activities_on_user_id" ON "activities" ("user_id") /*application='Backend'*/[0m
  [1m[35m (0.2ms)[0m  [1m[35mDROP TABLE IF EXISTS "leads" CASCADE /*application='Backend'*/[0m
  [1m[35m (92.9ms)[0m  [1m[35mCREATE TABLE "leads" ("id" bigserial primary key, "assigned_to_id" bigint, "company" character varying, "created_at" timestamp(6) NOT NULL, "email" character varying NOT NULL, "message" text, "name" character varying NOT NULL, "phone" character varying, "status" integer DEFAULT 0 NOT NULL, "updated_at" timestamp(6) NOT NULL) /*application='Backend'*/[0m
  [1m[35m (58.2ms)[0m  [1m[35mCREATE INDEX "index_leads_on_assigned_to_id" ON "leads" ("assigned_to_id") /*application='Backend'*/[0m
  [1m[35m (3.0ms)[0m  [1m[35mCREATE INDEX "index_leads_on_created_at" ON "leads" ("created_at") /*application='Backend'*/[0m
  [1m[35m (2.2ms)[0m  [1m[35mCREATE INDEX "index_leads_on_email" ON "leads" ("email") /*application='Backend'*/[0m
  [1m[35m (28.0ms)[0m  [1m[35mCREATE INDEX "index_leads_on_status" ON "leads" ("status") /*application='Backend'*/[0m
  [1m[35m (0.2ms)[0m  [1m[35mDROP TABLE IF EXISTS "notes" CASCADE /*application='Backend'*/[0m
  [1m[35m (5.6ms)[0m  [1m[35mCREATE TABLE "notes" ("id" bigserial primary key, "created_at" timestamp(6) NOT NULL, "lead_id" bigint NOT NULL, "message" text, "updated_at" timestamp(6) NOT NULL, "user_id" bigint NOT NULL) /*application='Backend'*/[0m
  [1m[35m (2.4ms)[0m  [1m[35mCREATE INDEX "index_notes_on_lead_id" ON "notes" ("lead_id") /*application='Backend'*/[0m
  [1m[35m (2.1ms)[0m  [1m[35mCREATE INDEX "index_notes_on_user_id" ON "notes" ("user_id") /*application='Backend'*/[0m
  [1m[35m (0.3ms)[0m  [1m[35mDROP TABLE IF EXISTS "users" CASCADE /*application='Backend'*/[0m
  [1m[35m (6.3ms)[0m  [1m[35mCREATE TABLE "users" ("id" bigserial primary key, "created_at" timestamp(6) NOT NULL, "email" character varying, "name" character varying, "password_digest" character varying, "role" integer, "updated_at" timestamp(6) NOT NULL) /*application='Backend'*/[0m
  [1m[35m (3.3ms)[0m  [1m[35mCREATE UNIQUE INDEX "index_users_on_email" ON "users" ("email") /*application='Backend'*/[0m
  [1m[35m (17.0ms)[0m  [1m[35mALTER TABLE "activities" ADD CONSTRAINT "fk_rails_f3b558708c"
FOREIGN KEY ("lead_id")
  REFERENCES "leads" ("id")
 /*application='Backend'*/[0m
  [1m[35m (85.5ms)[0m  [1m[35mALTER TABLE "activities" ADD CONSTRAINT "fk_rails_7e11bb717f"
FOREIGN KEY ("user_id")
  REFERENCES "users" ("id")
 /*application='Backend'*/[0m
  [1m[35m (16.4ms)[0m  [1m[35mALTER TABLE "leads" ADD CONSTRAINT "fk_rails_e68b669097"
FOREIGN KEY ("assigned_to_id")
  REFERENCES "users" ("id")
 /*application='Backend'*/[0m
  [1m[35m (67.9ms)[0m  [1m[35mALTER TABLE "notes" ADD CONSTRAINT "fk_rails_c82accd29c"
FOREIGN KEY ("lead_id")
  REFERENCES "leads" ("id")
 /*application='Backend'*/[0m
  [1m[35m (1.3ms)[0m  [1m[35mALTER TABLE "notes" ADD CONSTRAINT "fk_rails_7f2323ad43"
FOREIGN KEY ("user_id")
  REFERENCES "users" ("id")
 /*application='Backend'*/[0m
  [1m[35m (3.8ms)[0m  [1m[35mCREATE TABLE "schema_migrations" ("version" character varying NOT NULL PRIMARY KEY) /*application='Backend'*/[0m
  [1m[36mActiveRecord::SchemaMigration Load (0.5ms)[0m  [1m[34mSELECT "schema_migrations"."version" FROM "schema_migrations" ORDER BY "schema_migrations"."version" ASC /*application='Backend'*/[0m
  [1m[35m (0.6ms)[0m  [1m[32mINSERT INTO "schema_migrations" (version) VALUES (20260726034401) /*application='Backend'*/[0m
  [1m[35m (0.4ms)[0m  [1m[32mINSERT INTO "schema_migrations" (version) VALUES
(20260726033139),
(20260726033136),
(20260726033133),
(20260726033121); /*application='Backend'*/[0m
  [1m[35m (82.8ms)[0m  [1m[35mCREATE TABLE "ar_internal_metadata" ("key" character varying NOT NULL PRIMARY KEY, "value" character varying, "created_at" timestamp(6) NOT NULL, "updated_at" timestamp(6) NOT NULL) /*application='Backend'*/[0m
  [1m[36mActiveRecord::InternalMetadata Load (1.1ms)[0m  [1m[34mSELECT * FROM "ar_internal_metadata" WHERE "ar_internal_metadata"."key" = 'environment' ORDER BY "ar_internal_metadata"."key" ASC LIMIT 1 /*application='Backend'*/[0m
  [1m[36mActiveRecord::InternalMetadata Create (2.3ms)[0m  [1m[32mINSERT INTO "ar_internal_metadata" ("key", "value", "created_at", "updated_at") VALUES ('environment', 'development', '2026-07-26 04:34:38.066991', '2026-07-26 04:34:38.066994') RETURNING "key" /*application='Backend'*/[0m
  [1m[36mActiveRecord::InternalMetadata Load (0.2ms)[0m  [1m[34mSELECT * FROM "ar_internal_metadata" WHERE "ar_internal_metadata"."key" = 'environment' ORDER BY "ar_internal_metadata"."key" ASC LIMIT 1 /*application='Backend'*/[0m
  [1m[36mActiveRecord::InternalMetadata Update (1.9ms)[0m  [1m[33mUPDATE "ar_internal_metadata" SET "value" = 'test', "updated_at" = '2026-07-26 04:34:38.072864' WHERE "ar_internal_metadata"."key" = 'environment' /*application='Backend'*/[0m
  [1m[36mActiveRecord::InternalMetadata Load (0.3ms)[0m  [1m[34mSELECT * FROM "ar_internal_metadata" WHERE "ar_internal_metadata"."key" = 'schema_sha1' ORDER BY "ar_internal_metadata"."key" ASC LIMIT 1 /*application='Backend'*/[0m
  [1m[36mActiveRecord::InternalMetadata Create (0.4ms)[0m  [1m[32mINSERT INTO "ar_internal_metadata" ("key", "value", "created_at", "updated_at") VALUES ('schema_sha1', '7197527e0cad8649ad65b2eeefaf4ddcbe2791b8', '2026-07-26 04:34:38.079166', '2026-07-26 04:34:38.079170') RETURNING "key" /*application='Backend'*/[0m
  [1m[36mActiveRecord::SchemaMigration Load (3.3ms)[0m  [1m[34mSELECT "schema_migrations"."version" FROM "schema_migrations" ORDER BY "schema_migrations"."version" ASC /*application='Backend'*/[0m
  [1m[36mUser Load (1.1ms)[0m  [1m[34mSELECT "users".* FROM "users" WHERE "users"."email" = 'admin@example.com' LIMIT 1 /*application='Backend'*/[0m
  [1m[36mTRANSACTION (0.2ms)[0m  [1m[35mBEGIN /*application='Backend'*/[0m
  [1m[36mUser Exists? (55.2ms)[0m  [1m[34mSELECT 1 AS one FROM "users" WHERE "users"."email" = 'admin@example.com' LIMIT 1 /*application='Backend'*/[0m
  [1m[36mUser Create (54.5ms)[0m  [1m[32mINSERT INTO "users" ("created_at", "email", "name", "password_digest", "role", "updated_at") VALUES ('2026-07-26 04:35:19.835263', 'admin@example.com', 'Admin User', '$2a$12$ysn/g1XkuM6UjoAPIwuRpenyKCgeNo6qkJODb2dTg1R2iwOAJX0wq', 1, '2026-07-26 04:35:19.835263') RETURNING "id" /*application='Backend'*/[0m
  [1m[36mTRANSACTION (43.0ms)[0m  [1m[35mCOMMIT /*application='Backend'*/[0m
  [1m[36mUser Load (2.8ms)[0m  [1m[34mSELECT "users".* FROM "users" WHERE "users"."email" = 'member1@example.com' LIMIT 1 /*application='Backend'*/[0m
  [1m[36mTRANSACTION (0.2ms)[0m  [1m[35mBEGIN /*application='Backend'*/[0m
  [1m[36mUser Exists? (11.5ms)[0m  [1m[34mSELECT 1 AS one FROM "users" WHERE "users"."email" = 'member1@example.com' LIMIT 1 /*application='Backend'*/[0m
  [1m[36mUser Create (0.4ms)[0m  [1m[32mINSERT INTO "users" ("created_at", "email", "name", "password_digest", "role", "updated_at") VALUES ('2026-07-26 04:35:20.505541', 'member1@example.com', 'Alice Johnson', '$2a$12$hcmfNPVKJcTldqUzQ5M4UuEcKr7BhN0vfIPmcZvacG7fMvZ3atsJ2', 0, '2026-07-26 04:35:20.505541') RETURNING "id" /*application='Backend'*/[0m
  [1m[36mTRANSACTION (2.2ms)[0m  [1m[35mCOMMIT /*application='Backend'*/[0m
  [1m[36mUser Load (0.6ms)[0m  [1m[34mSELECT "users".* FROM "users" WHERE "users"."email" = 'member2@example.com' LIMIT 1 /*application='Backend'*/[0m
  [1m[36mTRANSACTION (0.3ms)[0m  [1m[35mBEGIN /*application='Backend'*/[0m
  [1m[36mUser Exists? (4.5ms)[0m  [1m[34mSELECT 1 AS one FROM "users" WHERE "users"."email" = 'member2@example.com' LIMIT 1 /*application='Backend'*/[0m
  [1m[36mUser Create (0.6ms)[0m  [1m[32mINSERT INTO "users" ("created_at", "email", "name", "password_digest", "role", "updated_at") VALUES ('2026-07-26 04:35:21.250858', 'member2@example.com', 'Bob Smith', '$2a$12$o3ARaoXbVkogEOuUNgZiouRsT8sRRADsoN3HPteHodtc7mEZGRd9a', 0, '2026-07-26 04:35:21.250858') RETURNING "id" /*application='Backend'*/[0m
  [1m[36mTRANSACTION (2.3ms)[0m  [1m[35mCOMMIT /*application='Backend'*/[0m
  [1m[36mActiveRecord::SchemaMigration Load (1.1ms)[0m  [1m[34mSELECT "schema_migrations"."version" FROM "schema_migrations" ORDER BY "schema_migrations"."version" ASC /*application='Backend'*/[0m
  [1m[36mUser Load (1.2ms)[0m  [1m[34mSELECT "users".* FROM "users" WHERE "users"."email" = 'admin@example.com' LIMIT 1 /*application='Backend'*/[0m
  [1m[36mUser Load (0.4ms)[0m  [1m[34mSELECT "users".* FROM "users" WHERE "users"."email" = 'member1@example.com' LIMIT 1 /*application='Backend'*/[0m
  [1m[36mUser Load (0.3ms)[0m  [1m[34mSELECT "users".* FROM "users" WHERE "users"."email" = 'member2@example.com' LIMIT 1 /*application='Backend'*/[0m
  [1m[36mActiveRecord::SchemaMigration Load (0.9ms)[0m  [1m[34mSELECT "schema_migrations"."version" FROM "schema_migrations" ORDER BY "schema_migrations"."version" ASC /*application='Backend'*/[0m
  [1m[36mActiveRecord::InternalMetadata Load (1.3ms)[0m  [1m[34mSELECT * FROM "ar_internal_metadata" WHERE "ar_internal_metadata"."key" = 'environment' ORDER BY "ar_internal_metadata"."key" ASC LIMIT 1 /*application='Backend'*/[0m
  [1m[36mActiveRecord::SchemaMigration Load (0.2ms)[0m  [1m[34mSELECT "schema_migrations"."version" FROM "schema_migrations" ORDER BY "schema_migrations"."version" ASC /*application='Backend'*/[0m
  [1m[36mActiveRecord::InternalMetadata Load (0.4ms)[0m  [1m[34mSELECT * FROM "ar_internal_metadata" WHERE "ar_internal_metadata"."key" = 'environment' ORDER BY "ar_internal_metadata"."key" ASC LIMIT 1 /*application='Backend'*/[0m
  [1m[36mActiveRecord::SchemaMigration Load (0.2ms)[0m  [1m[34mSELECT "schema_migrations"."version" FROM "schema_migrations" ORDER BY "schema_migrations"."version" ASC /*application='Backend'*/[0m
  [1m[36mActiveRecord::InternalMetadata Load (0.4ms)[0m  [1m[34mSELECT * FROM "ar_internal_metadata" WHERE "ar_internal_metadata"."key" = 'environment' ORDER BY "ar_internal_metadata"."key" ASC LIMIT 1 /*application='Backend'*/[0m
  [1m[35mSQL (0.1ms)[0m  [1m[35mSET search_path TO public /*application='Backend'*/[0m
  [1m[35m (111.4ms)[0m  [1m[35mDROP DATABASE IF EXISTS "backend_development" /*application='Backend'*/[0m
  [1m[35mSQL (0.3ms)[0m  [1m[35mSET search_path TO public /*application='Backend'*/[0m
  [1m[35m (118.3ms)[0m  [1m[35mDROP DATABASE IF EXISTS "backend_test" /*application='Backend'*/[0m
  [1m[35mSQL (0.2ms)[0m  [1m[35mSET search_path TO public /*application='Backend'*/[0m
  [1m[35m (762.1ms)[0m  [1m[35mCREATE DATABASE "backend_development" ENCODING = 'unicode' /*application='Backend'*/[0m
  [1m[35mSQL (0.2ms)[0m  [1m[35mSET search_path TO public /*application='Backend'*/[0m
  [1m[35m (368.7ms)[0m  [1m[35mCREATE DATABASE "backend_test" ENCODING = 'unicode' /*application='Backend'*/[0m
  [1m[35mSQL (0.6ms)[0m  [1m[35mCREATE EXTENSION IF NOT EXISTS "plpgsql" SCHEMA pg_catalog /*application='Backend'*/[0m
  [1m[35m (0.2ms)[0m  [1m[35mDROP TABLE IF EXISTS "activities" CASCADE /*application='Backend'*/[0m
  [1m[35m (51.1ms)[0m  [1m[35mCREATE TABLE "activities" ("id" bigserial primary key, "action" character varying, "created_at" timestamp(6) NOT NULL, "details" text, "lead_id" bigint NOT NULL, "updated_at" timestamp(6) NOT NULL, "user_id" bigint) /*application='Backend'*/[0m
  [1m[35m (2.6ms)[0m  [1m[35mCREATE INDEX "index_activities_on_lead_id" ON "activities" ("lead_id") /*application='Backend'*/[0m
  [1m[35m (7.7ms)[0m  [1m[35mCREATE INDEX "index_activities_on_user_id" ON "activities" ("user_id") /*application='Backend'*/[0m
  [1m[35m (6.0ms)[0m  [1m[35mDROP TABLE IF EXISTS "leads" CASCADE /*application='Backend'*/[0m
  [1m[35m (53.2ms)[0m  [1m[35mCREATE TABLE "leads" ("id" bigserial primary key, "assigned_to_id" bigint, "company" character varying, "created_at" timestamp(6) NOT NULL, "email" character varying NOT NULL, "message" text, "name" character varying NOT NULL, "phone" character varying, "status" integer DEFAULT 0 NOT NULL, "updated_at" timestamp(6) NOT NULL) /*application='Backend'*/[0m
  [1m[35m (9.0ms)[0m  [1m[35mCREATE INDEX "index_leads_on_assigned_to_id" ON "leads" ("assigned_to_id") /*application='Backend'*/[0m
  [1m[35m (4.5ms)[0m  [1m[35mCREATE INDEX "index_leads_on_created_at" ON "leads" ("created_at") /*application='Backend'*/[0m
  [1m[35m (2.1ms)[0m  [1m[35mCREATE INDEX "index_leads_on_email" ON "leads" ("email") /*application='Backend'*/[0m
  [1m[35m (3.0ms)[0m  [1m[35mCREATE INDEX "index_leads_on_status" ON "leads" ("status") /*application='Backend'*/[0m
  [1m[35m (0.8ms)[0m  [1m[35mDROP TABLE IF EXISTS "notes" CASCADE /*application='Backend'*/[0m
  [1m[35m (9.6ms)[0m  [1m[35mCREATE TABLE "notes" ("id" bigserial primary key, "created_at" timestamp(6) NOT NULL, "lead_id" bigint NOT NULL, "message" text, "updated_at" timestamp(6) NOT NULL, "user_id" bigint NOT NULL) /*application='Backend'*/[0m
  [1m[35m (43.9ms)[0m  [1m[35mCREATE INDEX "index_notes_on_lead_id" ON "notes" ("lead_id") /*application='Backend'*/[0m
  [1m[35m (2.4ms)[0m  [1m[35mCREATE INDEX "index_notes_on_user_id" ON "notes" ("user_id") /*application='Backend'*/[0m
  [1m[35m (0.2ms)[0m  [1m[35mDROP TABLE IF EXISTS "users" CASCADE /*application='Backend'*/[0m
  [1m[35m (7.2ms)[0m  [1m[35mCREATE TABLE "users" ("id" bigserial primary key, "created_at" timestamp(6) NOT NULL, "email" character varying, "name" character varying, "password_digest" character varying, "role" integer, "updated_at" timestamp(6) NOT NULL) /*application='Backend'*/[0m
  [1m[35m (2.8ms)[0m  [1m[35mCREATE UNIQUE INDEX "index_users_on_email" ON "users" ("email") /*application='Backend'*/[0m
  [1m[35m (5.3ms)[0m  [1m[35mALTER TABLE "activities" ADD CONSTRAINT "fk_rails_f3b558708c"
FOREIGN KEY ("lead_id")
  REFERENCES "leads" ("id")
 /*application='Backend'*/[0m
  [1m[35m (1.6ms)[0m  [1m[35mALTER TABLE "activities" ADD CONSTRAINT "fk_rails_7e11bb717f"
FOREIGN KEY ("user_id")
  REFERENCES "users" ("id")
 /*application='Backend'*/[0m
  [1m[35m (1.2ms)[0m  [1m[35mALTER TABLE "leads" ADD CONSTRAINT "fk_rails_e68b669097"
FOREIGN KEY ("assigned_to_id")
  REFERENCES "users" ("id")
 /*application='Backend'*/[0m
  [1m[35m (1.6ms)[0m  [1m[35mALTER TABLE "notes" ADD CONSTRAINT "fk_rails_c82accd29c"
FOREIGN KEY ("lead_id")
  REFERENCES "leads" ("id")
 /*application='Backend'*/[0m
  [1m[35m (5.3ms)[0m  [1m[35mALTER TABLE "notes" ADD CONSTRAINT "fk_rails_7f2323ad43"
FOREIGN KEY ("user_id")
  REFERENCES "users" ("id")
 /*application='Backend'*/[0m
  [1m[35m (3.9ms)[0m  [1m[35mCREATE TABLE "schema_migrations" ("version" character varying NOT NULL PRIMARY KEY) /*application='Backend'*/[0m
  [1m[36mActiveRecord::SchemaMigration Load (0.5ms)[0m  [1m[34mSELECT "schema_migrations"."version" FROM "schema_migrations" ORDER BY "schema_migrations"."version" ASC /*application='Backend'*/[0m
  [1m[35m (41.8ms)[0m  [1m[32mINSERT INTO "schema_migrations" (version) VALUES (20260726034401) /*application='Backend'*/[0m
  [1m[35m (2.6ms)[0m  [1m[32mINSERT INTO "schema_migrations" (version) VALUES
(20260726033139),
(20260726033136),
(20260726033133),
(20260726033121); /*application='Backend'*/[0m
  [1m[35m (5.9ms)[0m  [1m[35mCREATE TABLE "ar_internal_metadata" ("key" character varying NOT NULL PRIMARY KEY, "value" character varying, "created_at" timestamp(6) NOT NULL, "updated_at" timestamp(6) NOT NULL) /*application='Backend'*/[0m
  [1m[36mActiveRecord::InternalMetadata Load (1.6ms)[0m  [1m[34mSELECT * FROM "ar_internal_metadata" WHERE "ar_internal_metadata"."key" = 'environment' ORDER BY "ar_internal_metadata"."key" ASC LIMIT 1 /*application='Backend'*/[0m
  [1m[36mActiveRecord::InternalMetadata Create (0.7ms)[0m  [1m[32mINSERT INTO "ar_internal_metadata" ("key", "value", "created_at", "updated_at") VALUES ('environment', 'development', '2026-07-26 05:08:09.540938', '2026-07-26 05:08:09.540945') RETURNING "key" /*application='Backend'*/[0m
  [1m[36mActiveRecord::InternalMetadata Load (0.3ms)[0m  [1m[34mSELECT * FROM "ar_internal_metadata" WHERE "ar_internal_metadata"."key" = 'environment' ORDER BY "ar_internal_metadata"."key" ASC LIMIT 1 /*application='Backend'*/[0m
  [1m[36mActiveRecord::InternalMetadata Load (0.3ms)[0m  [1m[34mSELECT * FROM "ar_internal_metadata" WHERE "ar_internal_metadata"."key" = 'schema_sha1' ORDER BY "ar_internal_metadata"."key" ASC LIMIT 1 /*application='Backend'*/[0m
  [1m[36mActiveRecord::InternalMetadata Create (40.6ms)[0m  [1m[32mINSERT INTO "ar_internal_metadata" ("key", "value", "created_at", "updated_at") VALUES ('schema_sha1', '7197527e0cad8649ad65b2eeefaf4ddcbe2791b8', '2026-07-26 05:08:09.561567', '2026-07-26 05:08:09.561570') RETURNING "key" /*application='Backend'*/[0m
  [1m[35m (0.2ms)[0m  [1m[34mSELECT pg_try_advisory_lock(5073945470573576205) /*application='Backend'*/[0m
  [1m[36mActiveRecord::SchemaMigration Load (0.3ms)[0m  [1m[34mSELECT "schema_migrations"."version" FROM "schema_migrations" ORDER BY "schema_migrations"."version" ASC /*application='Backend'*/[0m
  [1m[36mActiveRecord::InternalMetadata Load (0.3ms)[0m  [1m[34mSELECT * FROM "ar_internal_metadata" WHERE "ar_internal_metadata"."key" = 'environment' ORDER BY "ar_internal_metadata"."key" ASC LIMIT 1 /*application='Backend'*/[0m
  [1m[35m (0.3ms)[0m  [1m[34mSELECT pg_advisory_unlock(5073945470573576205) /*application='Backend'*/[0m
  [1m[36mActiveRecord::SchemaMigration Load (0.2ms)[0m  [1m[34mSELECT "schema_migrations"."version" FROM "schema_migrations" ORDER BY "schema_migrations"."version" ASC /*application='Backend'*/[0m
  [1m[35mSQL (0.2ms)[0m  [1m[35mSET search_path TO public /*application='Backend'*/[0m
  [1m[35mSQL (0.8ms)[0m  [1m[35mSET search_path TO "$user", public /*application='Backend'*/[0m
  [1m[35mSQL (0.2ms)[0m  [1m[35mSET search_path TO public /*application='Backend'*/[0m
  [1m[35mSQL (0.1ms)[0m  [1m[35mSET search_path TO "$user", public /*application='Backend'*/[0m
  [1m[36mActiveRecord::SchemaMigration Load (0.2ms)[0m  [1m[34mSELECT "schema_migrations"."version" FROM "schema_migrations" ORDER BY "schema_migrations"."version" ASC /*application='Backend'*/[0m
  [1m[36mUser Load (0.8ms)[0m  [1m[34mSELECT "users".* FROM "users" WHERE "users"."email" = 'admin@example.com' LIMIT 1 /*application='Backend'*/[0m
  [1m[36mTRANSACTION (0.2ms)[0m  [1m[35mBEGIN /*application='Backend'*/[0m
  [1m[36mUser Exists? (0.5ms)[0m  [1m[34mSELECT 1 AS one FROM "users" WHERE "users"."email" = 'admin@example.com' LIMIT 1 /*application='Backend'*/[0m
  [1m[36mUser Create (0.9ms)[0m  [1m[32mINSERT INTO "users" ("created_at", "email", "name", "password_digest", "role", "updated_at") VALUES ('2026-07-26 05:08:10.380029', 'admin@example.com', 'Admin User', '$2a$12$aBSysDHcbL8oYqsslYWovuQkXkE.mwqcdmjdYgPrRJjB8hTVvxD9K', 1, '2026-07-26 05:08:10.380029') RETURNING "id" /*application='Backend'*/[0m
  [1m[36mTRANSACTION (2.2ms)[0m  [1m[35mCOMMIT /*application='Backend'*/[0m
  [1m[36mUser Load (0.7ms)[0m  [1m[34mSELECT "users".* FROM "users" WHERE "users"."email" = 'member1@example.com' LIMIT 1 /*application='Backend'*/[0m
  [1m[36mTRANSACTION (0.2ms)[0m  [1m[35mBEGIN /*application='Backend'*/[0m
  [1m[36mUser Exists? (2.8ms)[0m  [1m[34mSELECT 1 AS one FROM "users" WHERE "users"."email" = 'member1@example.com' LIMIT 1 /*application='Backend'*/[0m
  [1m[36mUser Create (0.4ms)[0m  [1m[32mINSERT INTO "users" ("created_at", "email", "name", "password_digest", "role", "updated_at") VALUES ('2026-07-26 05:08:10.869173', 'member1@example.com', 'Alice Johnson', '$2a$12$qFixW5qmrf5KljoD4Net5uMYAHGRQinmf2sOi.HE1Fd9r0X1ycPcO', 0, '2026-07-26 05:08:10.869173') RETURNING "id" /*application='Backend'*/[0m
  [1m[36mTRANSACTION (2.0ms)[0m  [1m[35mCOMMIT /*application='Backend'*/[0m
  [1m[36mUser Load (0.4ms)[0m  [1m[34mSELECT "users".* FROM "users" WHERE "users"."email" = 'member2@example.com' LIMIT 1 /*application='Backend'*/[0m
  [1m[36mTRANSACTION (0.2ms)[0m  [1m[35mBEGIN /*application='Backend'*/[0m
  [1m[36mUser Exists? (3.5ms)[0m  [1m[34mSELECT 1 AS one FROM "users" WHERE "users"."email" = 'member2@example.com' LIMIT 1 /*application='Backend'*/[0m
  [1m[36mUser Create (0.4ms)[0m  [1m[32mINSERT INTO "users" ("created_at", "email", "name", "password_digest", "role", "updated_at") VALUES ('2026-07-26 05:08:11.471130', 'member2@example.com', 'Bob Smith', '$2a$12$Eb19PH7mOERt3uGo7HVQG.8QvYeF0sRhKe2.RvnOVl7JUFdX6C7le', 0, '2026-07-26 05:08:11.471130') RETURNING "id" /*application='Backend'*/[0m
  [1m[36mTRANSACTION (1.1ms)[0m  [1m[35mCOMMIT /*application='Backend'*/[0m
  [1m[36mLead Load (1.3ms)[0m  [1m[34mSELECT "leads".* FROM "leads" WHERE "leads"."email" = 'sarah@example.com' LIMIT 1 /*application='Backend'*/[0m
  [1m[36mTRANSACTION (0.9ms)[0m  [1m[35mBEGIN /*application='Backend'*/[0m
  [1m[36mLead Create (46.1ms)[0m  [1m[32mINSERT INTO "leads" ("assigned_to_id", "company", "created_at", "email", "message", "name", "phone", "status", "updated_at") VALUES (2, 'TechCorp', '2026-07-26 05:08:11.581497', 'sarah@example.com', 'Interested in enterprise plan', 'Sarah Connor', '+1-555-0101', 0, '2026-07-26 05:08:11.581497') RETURNING "id" /*application='Backend'*/[0m
  [1m[36mTRANSACTION (0.6ms)[0m  [1m[35mCOMMIT /*application='Backend'*/[0m
  [1m[36mTRANSACTION (0.3ms)[0m  [1m[35mBEGIN /*application='Backend'*/[0m
  [1m[36mNote Create (13.7ms)[0m  [1m[32mINSERT INTO "notes" ("created_at", "lead_id", "message", "updated_at", "user_id") VALUES ('2026-07-26 05:08:11.714456', 1, 'Initial contact made. Customer seems interested.', '2026-07-26 05:08:11.714456', 2) RETURNING "id" /*application='Backend'*/[0m
  [1m[36mTRANSACTION (7.9ms)[0m  [1m[35mCOMMIT /*application='Backend'*/[0m
  [1m[36mTRANSACTION (12.1ms)[0m  [1m[35mBEGIN /*application='Backend'*/[0m
  ↳ app/services/activity_service.rb:3:in `track'
  [1m[36mActivity Create (35.2ms)[0m  [1m[32mINSERT INTO "activities" ("action", "created_at", "details", "lead_id", "updated_at", "user_id") VALUES ('lead_created', '2026-07-26 05:08:11.855604', 'Lead was created', 1, '2026-07-26 05:08:11.855604', 2) RETURNING "id" /*application='Backend'*/[0m
  ↳ app/services/activity_service.rb:3:in `track'
  [1m[36mTRANSACTION (17.4ms)[0m  [1m[35mCOMMIT /*application='Backend'*/[0m
  ↳ app/services/activity_service.rb:3:in `track'
  [1m[36mTRANSACTION (0.2ms)[0m  [1m[35mBEGIN /*application='Backend'*/[0m
  ↳ app/services/activity_service.rb:3:in `track'
  [1m[36mActivity Create (10.3ms)[0m  [1m[32mINSERT INTO "activities" ("action", "created_at", "details", "lead_id", "updated_at", "user_id") VALUES ('note_added', '2026-07-26 05:08:11.937418', 'Note added by Alice Johnson', 1, '2026-07-26 05:08:11.937418', 2) RETURNING "id" /*application='Backend'*/[0m
  ↳ app/services/activity_service.rb:3:in `track'
  [1m[36mTRANSACTION (0.4ms)[0m  [1m[35mCOMMIT /*application='Backend'*/[0m
  ↳ app/services/activity_service.rb:3:in `track'
  [1m[36mLead Load (0.4ms)[0m  [1m[34mSELECT "leads".* FROM "leads" WHERE "leads"."email" = 'john@example.com' LIMIT 1 /*application='Backend'*/[0m
  [1m[36mTRANSACTION (0.2ms)[0m  [1m[35mBEGIN /*application='Backend'*/[0m
  [1m[36mLead Create (2.6ms)[0m  [1m[32mINSERT INTO "leads" ("assigned_to_id", "company", "created_at", "email", "message", "name", "phone", "status", "updated_at") VALUES (2, 'StartupInc', '2026-07-26 05:08:11.967903', 'john@example.com', 'Looking for demo', 'John Doe', '+1-555-0102', 1, '2026-07-26 05:08:11.967903') RETURNING "id" /*application='Backend'*/[0m
  [1m[36mTRANSACTION (0.5ms)[0m  [1m[35mCOMMIT /*application='Backend'*/[0m
  [1m[36mLead Load (0.4ms)[0m  [1m[34mSELECT "leads".* FROM "leads" WHERE "leads"."email" = 'jane@example.com' LIMIT 1 /*application='Backend'*/[0m
  [1m[36mTRANSACTION (0.2ms)[0m  [1m[35mBEGIN /*application='Backend'*/[0m
  [1m[36mLead Create (3.0ms)[0m  [1m[32mINSERT INTO "leads" ("assigned_to_id", "company", "created_at", "email", "message", "name", "phone", "status", "updated_at") VALUES (NULL, 'BigCo', '2026-07-26 05:08:11.979583', 'jane@example.com', 'Need consultation for AI integration', 'Jane Smith', '+1-555-0103', 2, '2026-07-26 05:08:11.979583') RETURNING "id" /*application='Backend'*/[0m
  [1m[36mTRANSACTION (0.5ms)[0m  [1m[35mCOMMIT /*application='Backend'*/[0m
  [1m[36mLead Load (0.6ms)[0m  [1m[34mSELECT "leads".* FROM "leads" WHERE "leads"."email" = 'mike@example.com' LIMIT 1 /*application='Backend'*/[0m
  [1m[36mTRANSACTION (0.2ms)[0m  [1m[35mBEGIN /*application='Backend'*/[0m
  [1m[36mLead Create (2.9ms)[0m  [1m[32mINSERT INTO "leads" ("assigned_to_id", "company", "created_at", "email", "message", "name", "phone", "status", "updated_at") VALUES (2, 'DataFlow', '2026-07-26 05:08:11.993677', 'mike@example.com', 'Follow up on proposal', 'Mike Wilson', '+1-555-0104', 3, '2026-07-26 05:08:11.993677') RETURNING "id" /*application='Backend'*/[0m
  [1m[36mTRANSACTION (0.4ms)[0m  [1m[35mCOMMIT /*application='Backend'*/[0m
  [1m[36mLead Load (0.4ms)[0m  [1m[34mSELECT "leads".* FROM "leads" WHERE "leads"."email" = 'lisa@example.com' LIMIT 1 /*application='Backend'*/[0m
  [1m[36mTRANSACTION (0.1ms)[0m  [1m[35mBEGIN /*application='Backend'*/[0m
  [1m[36mLead Create (4.0ms)[0m  [1m[32mINSERT INTO "leads" ("assigned_to_id", "company", "created_at", "email", "message", "name", "phone", "status", "updated_at") VALUES (3, 'CloudNine', '2026-07-26 05:08:12.004143', 'lisa@example.com', 'Pricing inquiry', 'Lisa Brown', '+1-555-0105', 4, '2026-07-26 05:08:12.004143') RETURNING "id" /*application='Backend'*/[0m
  [1m[36mTRANSACTION (0.4ms)[0m  [1m[35mCOMMIT /*application='Backend'*/[0m
  [1m[36mTRANSACTION (0.2ms)[0m  [1m[35mBEGIN /*application='Backend'*/[0m
  [1m[36mNote Create (2.8ms)[0m  [1m[32mINSERT INTO "notes" ("created_at", "lead_id", "message", "updated_at", "user_id") VALUES ('2026-07-26 05:08:12.014211', 5, 'Initial contact made. Customer seems interested.', '2026-07-26 05:08:12.014211', 3) RETURNING "id" /*application='Backend'*/[0m
  [1m[36mTRANSACTION (0.5ms)[0m  [1m[35mCOMMIT /*application='Backend'*/[0m
  [1m[36mTRANSACTION (0.2ms)[0m  [1m[35mBEGIN /*application='Backend'*/[0m
  ↳ app/services/activity_service.rb:3:in `track'
  [1m[36mActivity Create (2.3ms)[0m  [1m[32mINSERT INTO "activities" ("action", "created_at", "details", "lead_id", "updated_at", "user_id") VALUES ('lead_created', '2026-07-26 05:08:12.022332', 'Lead was created', 5, '2026-07-26 05:08:12.022332', 3) RETURNING "id" /*application='Backend'*/[0m
  ↳ app/services/activity_service.rb:3:in `track'
  [1m[36mTRANSACTION (0.4ms)[0m  [1m[35mCOMMIT /*application='Backend'*/[0m
  ↳ app/services/activity_service.rb:3:in `track'
  [1m[36mTRANSACTION (0.2ms)[0m  [1m[35mBEGIN /*application='Backend'*/[0m
  ↳ app/services/activity_service.rb:3:in `track'
  [1m[36mActivity Create (4.1ms)[0m  [1m[32mINSERT INTO "activities" ("action", "created_at", "details", "lead_id", "updated_at", "user_id") VALUES ('note_added', '2026-07-26 05:08:12.029465', 'Note added by Bob Smith', 5, '2026-07-26 05:08:12.029465', 3) RETURNING "id" /*application='Backend'*/[0m
  ↳ app/services/activity_service.rb:3:in `track'
  [1m[36mTRANSACTION (0.5ms)[0m  [1m[35mCOMMIT /*application='Backend'*/[0m
  ↳ app/services/activity_service.rb:3:in `track'
  [1m[36mLead Load (0.4ms)[0m  [1m[34mSELECT "leads".* FROM "leads" WHERE "leads"."email" = 'tom@example.com' LIMIT 1 /*application='Backend'*/[0m
  [1m[36mTRANSACTION (0.2ms)[0m  [1m[35mBEGIN /*application='Backend'*/[0m
  [1m[36mLead Create (2.8ms)[0m  [1m[32mINSERT INTO "leads" ("assigned_to_id", "company", "created_at", "email", "message", "name", "phone", "status", "updated_at") VALUES (3, 'NetSolutions', '2026-07-26 05:08:12.042240', 'tom@example.com', 'Partnership opportunity', 'Tom Hardy', '+1-555-0106', 5, '2026-07-26 05:08:12.042240') RETURNING "id" /*application='Backend'*/[0m
  [1m[36mTRANSACTION (0.4ms)[0m  [1m[35mCOMMIT /*application='Backend'*/[0m
  [1m[36mLead Load (0.4ms)[0m  [1m[34mSELECT "leads".* FROM "leads" WHERE "leads"."email" = 'emma@example.com' LIMIT 1 /*application='Backend'*/[0m
  [1m[36mTRANSACTION (0.2ms)[0m  [1m[35mBEGIN /*application='Backend'*/[0m
  [1m[36mLead Create (2.8ms)[0m  [1m[32mINSERT INTO "leads" ("assigned_to_id", "company", "created_at", "email", "message", "name", "phone", "status", "updated_at") VALUES (NULL, 'GreenEnergy', '2026-07-26 05:08:12.052877', 'emma@example.com', 'Interested in sustainability tools', 'Emma Davis', '+1-555-0107', 0, '2026-07-26 05:08:12.052877') RETURNING "id" /*application='Backend'*/[0m
  [1m[36mTRANSACTION (0.4ms)[0m  [1m[35mCOMMIT /*application='Backend'*/[0m
  [1m[36mLead Load (0.4ms)[0m  [1m[34mSELECT "leads".* FROM "leads" WHERE "leads"."email" = 'alex@example.com' LIMIT 1 /*application='Backend'*/[0m
  [1m[36mTRANSACTION (0.2ms)[0m  [1m[35mBEGIN /*application='Backend'*/[0m
  [1m[36mLead Create (2.9ms)[0m  [1m[32mINSERT INTO "leads" ("assigned_to_id", "company", "created_at", "email", "message", "name", "phone", "status", "updated_at") VALUES (2, 'MusicTech', '2026-07-26 05:08:12.063742', 'alex@example.com', 'Need custom solution', 'Alex Turner', '+1-555-0108', 1, '2026-07-26 05:08:12.063742') RETURNING "id" /*application='Backend'*/[0m
  [1m[36mTRANSACTION (0.4ms)[0m  [1m[35mCOMMIT /*application='Backend'*/[0m
  [1m[36mUser Count (16.8ms)[0m  [1m[34mSELECT COUNT(*) FROM "users" /*application='Backend'*/[0m
  [1m[36mLead Count (1.6ms)[0m  [1m[34mSELECT COUNT(*) FROM "leads" /*application='Backend'*/[0m
  [1m[36mNote Count (0.6ms)[0m  [1m[34mSELECT COUNT(*) FROM "notes" /*application='Backend'*/[0m
  [1m[36mActivity Count (0.5ms)[0m  [1m[34mSELECT COUNT(*) FROM "activities" /*application='Backend'*/[0m
Started GET "/" for 127.0.0.1 at 2026-07-26 21:51:49 +0530
  [1m[36mActiveRecord::SchemaMigration Load (33.0ms)[0m  [1m[34mSELECT "schema_migrations"."version" FROM "schema_migrations" ORDER BY "schema_migrations"."version" ASC /*application='Backend'*/[0m
Processing by Rails::WelcomeController#index as HTML
  Rendering /Users/siddhantsharma/.rvm/gems/ruby-3.3.2/gems/railties-8.1.3/lib/rails/templates/rails/welcome/index.html.erb
  Rendered /Users/siddhantsharma/.rvm/gems/ruby-3.3.2/gems/railties-8.1.3/lib/rails/templates/rails/welcome/index.html.erb (Duration: 0.7ms | GC: 0.0ms)
Completed 200 OK in 3259ms (Views: 10.2ms | ActiveRecord: 0.0ms (0 queries, 0 cached) | GC: 226.9ms)


Started GET "/icon.png" for 127.0.0.1 at 2026-07-26 21:51:53 +0530
  
ActionController::RoutingError (No route matches [GET] "/icon.png"):
  
Started GET "/" for 127.0.0.1 at 2026-07-26 21:51:53 +0530
Processing by Rails::WelcomeController#index as HTML
  Rendering /Users/siddhantsharma/.rvm/gems/ruby-3.3.2/gems/railties-8.1.3/lib/rails/templates/rails/welcome/index.html.erb
  Rendered /Users/siddhantsharma/.rvm/gems/ruby-3.3.2/gems/railties-8.1.3/lib/rails/templates/rails/welcome/index.html.erb (Duration: 0.1ms | GC: 0.0ms)
Completed 200 OK in 1ms (Views: 1.0ms | ActiveRecord: 0.0ms (0 queries, 0 cached) | GC: 0.0ms)


  [1m[35mSQL (0.1ms)[0m  [1m[35mSET search_path TO public /*application='Backend'*/[0m
  [1m[35m (77.1ms)[0m  [1m[35mCREATE DATABASE "backend_development" ENCODING = 'unicode' /*application='Backend'*/[0m
  [1m[35mSQL (0.1ms)[0m  [1m[35mSET search_path TO public /*application='Backend'*/[0m
  [1m[35m (16.8ms)[0m  [1m[35mCREATE DATABASE "backend_test" ENCODING = 'unicode' /*application='Backend'*/[0m
  [1m[35m (0.2ms)[0m  [1m[34mSELECT pg_try_advisory_lock(5073945470573576205) /*application='Backend'*/[0m
  [1m[36mActiveRecord::SchemaMigration Load (1.0ms)[0m  [1m[34mSELECT "schema_migrations"."version" FROM "schema_migrations" ORDER BY "schema_migrations"."version" ASC /*application='Backend'*/[0m
  [1m[36mActiveRecord::InternalMetadata Load (44.5ms)[0m  [1m[34mSELECT * FROM "ar_internal_metadata" WHERE "ar_internal_metadata"."key" = 'environment' ORDER BY "ar_internal_metadata"."key" ASC LIMIT 1 /*application='Backend'*/[0m
  [1m[35m (0.3ms)[0m  [1m[34mSELECT pg_advisory_unlock(5073945470573576205) /*application='Backend'*/[0m
  [1m[36mActiveRecord::SchemaMigration Load (0.2ms)[0m  [1m[34mSELECT "schema_migrations"."version" FROM "schema_migrations" ORDER BY "schema_migrations"."version" ASC /*application='Backend'*/[0m
  [1m[35mSQL (0.1ms)[0m  [1m[35mSET search_path TO public /*application='Backend'*/[0m
  [1m[35mSQL (0.2ms)[0m  [1m[35mSET search_path TO "$user", public /*application='Backend'*/[0m
  [1m[35mSQL (0.2ms)[0m  [1m[35mSET search_path TO public /*application='Backend'*/[0m
  [1m[35mSQL (0.1ms)[0m  [1m[35mSET search_path TO "$user", public /*application='Backend'*/[0m
  [1m[36mActiveRecord::SchemaMigration Load (0.2ms)[0m  [1m[34mSELECT "schema_migrations"."version" FROM "schema_migrations" ORDER BY "schema_migrations"."version" ASC /*application='Backend'*/[0m
  [1m[36mUser Load (44.7ms)[0m  [1m[34mSELECT "users".* FROM "users" WHERE "users"."email" = 'admin@example.com' LIMIT 1 /*application='Backend'*/[0m
  [1m[36mUser Load (0.4ms)[0m  [1m[34mSELECT "users".* FROM "users" WHERE "users"."email" = 'member1@example.com' LIMIT 1 /*application='Backend'*/[0m
  [1m[36mUser Load (0.4ms)[0m  [1m[34mSELECT "users".* FROM "users" WHERE "users"."email" = 'member2@example.com' LIMIT 1 /*application='Backend'*/[0m
  [1m[36mLead Load (44.9ms)[0m  [1m[34mSELECT "leads".* FROM "leads" WHERE "leads"."email" = 'sarah@example.com' LIMIT 1 /*application='Backend'*/[0m
  [1m[36mUser Load (1.0ms)[0m  [1m[34mSELECT "users".* FROM "users" WHERE "users"."id" = 2 LIMIT 1 /*application='Backend'*/[0m
  [1m[36mTRANSACTION (0.2ms)[0m  [1m[35mBEGIN /*application='Backend'*/[0m
  [1m[36mNote Create (45.1ms)[0m  [1m[32mINSERT INTO "notes" ("created_at", "lead_id", "message", "updated_at", "user_id") VALUES ('2026-07-26 16:59:42.349537', 1, 'Initial contact made. Customer seems interested.', '2026-07-26 16:59:42.349537', 2) RETURNING "id" /*application='Backend'*/[0m
  [1m[36mTRANSACTION (0.7ms)[0m  [1m[35mCOMMIT /*application='Backend'*/[0m
  [1m[36mTRANSACTION (0.2ms)[0m  [1m[35mBEGIN /*application='Backend'*/[0m
  ↳ app/services/activity_service.rb:3:in `track'
  [1m[36mActivity Create (44.7ms)[0m  [1m[32mINSERT INTO "activities" ("action", "created_at", "details", "lead_id", "updated_at", "user_id") VALUES ('lead_created', '2026-07-26 16:59:42.513372', 'Lead was created', 1, '2026-07-26 16:59:42.513372', 2) RETURNING "id" /*application='Backend'*/[0m
  ↳ app/services/activity_service.rb:3:in `track'
  [1m[36mTRANSACTION (0.3ms)[0m  [1m[35mCOMMIT /*application='Backend'*/[0m
  ↳ app/services/activity_service.rb:3:in `track'
  [1m[36mTRANSACTION (0.1ms)[0m  [1m[35mBEGIN /*application='Backend'*/[0m
  ↳ app/services/activity_service.rb:3:in `track'
  [1m[36mActivity Create (1.8ms)[0m  [1m[32mINSERT INTO "activities" ("action", "created_at", "details", "lead_id", "updated_at", "user_id") VALUES ('note_added', '2026-07-26 16:59:42.561265', 'Note added by Alice Johnson', 1, '2026-07-26 16:59:42.561265', 2) RETURNING "id" /*application='Backend'*/[0m
  ↳ app/services/activity_service.rb:3:in `track'
  [1m[36mTRANSACTION (0.2ms)[0m  [1m[35mCOMMIT /*application='Backend'*/[0m
  ↳ app/services/activity_service.rb:3:in `track'
  [1m[36mLead Load (0.2ms)[0m  [1m[34mSELECT "leads".* FROM "leads" WHERE "leads"."email" = 'john@example.com' LIMIT 1 /*application='Backend'*/[0m
  [1m[36mLead Load (0.4ms)[0m  [1m[34mSELECT "leads".* FROM "leads" WHERE "leads"."email" = 'jane@example.com' LIMIT 1 /*application='Backend'*/[0m
  [1m[36mLead Load (0.3ms)[0m  [1m[34mSELECT "leads".* FROM "leads" WHERE "leads"."email" = 'mike@example.com' LIMIT 1 /*application='Backend'*/[0m
  [1m[36mLead Load (0.7ms)[0m  [1m[34mSELECT "leads".* FROM "leads" WHERE "leads"."email" = 'lisa@example.com' LIMIT 1 /*application='Backend'*/[0m
  [1m[36mUser Load (0.3ms)[0m  [1m[34mSELECT "users".* FROM "users" WHERE "users"."id" = 3 LIMIT 1 /*application='Backend'*/[0m
  [1m[36mTRANSACTION (0.1ms)[0m  [1m[35mBEGIN /*application='Backend'*/[0m
  [1m[36mNote Create (9.5ms)[0m  [1m[32mINSERT INTO "notes" ("created_at", "lead_id", "message", "updated_at", "user_id") VALUES ('2026-07-26 16:59:42.593722', 5, 'Initial contact made. Customer seems interested.', '2026-07-26 16:59:42.593722', 3) RETURNING "id" /*application='Backend'*/[0m
  [1m[36mTRANSACTION (2.1ms)[0m  [1m[35mCOMMIT /*application='Backend'*/[0m
  [1m[36mTRANSACTION (0.1ms)[0m  [1m[35mBEGIN /*application='Backend'*/[0m
  ↳ app/services/activity_service.rb:3:in `track'
  [1m[36mActivity Create (9.3ms)[0m  [1m[32mINSERT INTO "activities" ("action", "created_at", "details", "lead_id", "updated_at", "user_id") VALUES ('lead_created', '2026-07-26 16:59:42.620194', 'Lead was created', 5, '2026-07-26 16:59:42.620194', 3) RETURNING "id" /*application='Backend'*/[0m
  ↳ app/services/activity_service.rb:3:in `track'
  [1m[36mTRANSACTION (0.9ms)[0m  [1m[35mCOMMIT /*application='Backend'*/[0m
  ↳ app/services/activity_service.rb:3:in `track'
  [1m[36mTRANSACTION (0.4ms)[0m  [1m[35mBEGIN /*application='Backend'*/[0m
  ↳ app/services/activity_service.rb:3:in `track'
  [1m[36mActivity Create (1.7ms)[0m  [1m[32mINSERT INTO "activities" ("action", "created_at", "details", "lead_id", "updated_at", "user_id") VALUES ('note_added', '2026-07-26 16:59:42.638586', 'Note added by Bob Smith', 5, '2026-07-26 16:59:42.638586', 3) RETURNING "id" /*application='Backend'*/[0m
  ↳ app/services/activity_service.rb:3:in `track'
  [1m[36mTRANSACTION (0.3ms)[0m  [1m[35mCOMMIT /*application='Backend'*/[0m
  ↳ app/services/activity_service.rb:3:in `track'
  [1m[36mLead Load (0.3ms)[0m  [1m[34mSELECT "leads".* FROM "leads" WHERE "leads"."email" = 'tom@example.com' LIMIT 1 /*application='Backend'*/[0m
  [1m[36mLead Load (0.2ms)[0m  [1m[34mSELECT "leads".* FROM "leads" WHERE "leads"."email" = 'emma@example.com' LIMIT 1 /*application='Backend'*/[0m
  [1m[36mLead Load (0.3ms)[0m  [1m[34mSELECT "leads".* FROM "leads" WHERE "leads"."email" = 'alex@example.com' LIMIT 1 /*application='Backend'*/[0m
Started POST "/api/login" for ::1 at 2026-07-26 22:30:16 +0530
  [1m[36mActiveRecord::SchemaMigration Load (1.5ms)[0m  [1m[34mSELECT "schema_migrations"."version" FROM "schema_migrations" ORDER BY "schema_migrations"."version" ASC /*application='Backend'*/[0m
Processing by Api::AuthController#login as */*
  Parameters: {"email"=>"[FILTERED]", "password"=>"[FILTERED]", "auth"=>{"email"=>"[FILTERED]", "password"=>"[FILTERED]"}}
  [1m[36mUser Load (1.5ms)[0m  [1m[34mSELECT "users".* FROM "users" WHERE "users"."email" = 'admin@example.com' LIMIT 1 /*action='login',application='Backend',controller='auth'*/[0m
  ↳ app/controllers/api/auth_controller.rb:4:in `login'
Completed 200 OK in 477ms (Views: 0.4ms | ActiveRecord: 37.6ms (1 query, 0 cached) | GC: 0.0ms)


Started GET "/api/dashboard" for ::1 at 2026-07-26 22:30:17 +0530
Processing by Api::DashboardController#index as */*
  [1m[36mUser Load (0.5ms)[0m  [1m[34mSELECT "users".* FROM "users" WHERE "users"."id" = 1 LIMIT 1 /*action='index',application='Backend',controller='dashboard'*/[0m
  ↳ app/controllers/application_controller.rb:12:in `authenticate_request'
  [1m[36mLead Count (1.0ms)[0m  [1m[34mSELECT COUNT(*) FROM "leads" /*action='index',application='Backend',controller='dashboard'*/[0m
  ↳ app/controllers/api/dashboard_controller.rb:9:in `index'
  [1m[36mLead Count (41.1ms)[0m  [1m[34mSELECT COUNT(*) FROM "leads" WHERE "leads"."status" = 0 /*action='index',application='Backend',controller='dashboard'*/[0m
  ↳ app/controllers/api/dashboard_controller.rb:10:in `index'
  [1m[36mLead Count (0.4ms)[0m  [1m[34mSELECT COUNT(*) FROM "leads" WHERE "leads"."status" = 1 /*action='index',application='Backend',controller='dashboard'*/[0m
  ↳ app/controllers/api/dashboard_controller.rb:11:in `index'
  [1m[36mLead Count (0.3ms)[0m  [1m[34mSELECT COUNT(*) FROM "leads" WHERE "leads"."status" = 2 /*action='index',application='Backend',controller='dashboard'*/[0m
  ↳ app/controllers/api/dashboard_controller.rb:12:in `index'
  [1m[36mLead Count (0.3ms)[0m  [1m[34mSELECT COUNT(*) FROM "leads" WHERE "leads"."status" = 3 /*action='index',application='Backend',controller='dashboard'*/[0m
  ↳ app/controllers/api/dashboard_controller.rb:13:in `index'
  [1m[36mLead Count (0.4ms)[0m  [1m[34mSELECT COUNT(*) FROM "leads" WHERE "leads"."status" = 4 /*action='index',application='Backend',controller='dashboard'*/[0m
  ↳ app/controllers/api/dashboard_controller.rb:14:in `index'
  [1m[36mLead Count (0.2ms)[0m  [1m[34mSELECT COUNT(*) FROM "leads" WHERE "leads"."status" = 5 /*action='index',application='Backend',controller='dashboard'*/[0m
  ↳ app/controllers/api/dashboard_controller.rb:15:in `index'
Completed 200 OK in 66ms (Views: 0.3ms | ActiveRecord: 45.3ms (8 queries, 0 cached) | GC: 0.0ms)


Started GET "/api/leads?page=1&per_page=5" for ::1 at 2026-07-26 22:30:18 +0530
Processing by Api::LeadsController#index as */*
  Parameters: {"page"=>"1", "per_page"=>"5"}
  [1m[36mUser Load (0.6ms)[0m  [1m[34mSELECT "users".* FROM "users" WHERE "users"."id" = 1 LIMIT 1 /*action='index',application='Backend',controller='leads'*/[0m
  ↳ app/controllers/application_controller.rb:12:in `authenticate_request'
Completed 500 Internal Server Error in 5ms (ActiveRecord: 0.6ms (1 query, 0 cached) | GC: 0.0ms)


  
NameError (uninitialized constant Api::LeadsController::LeadsSerializer):
  
app/controllers/api/leads_controller.rb:15:in `index'
Started GET "/api/leads/1" for ::1 at 2026-07-26 22:30:18 +0530
Processing by Api::LeadsController#show as */*
  Parameters: {"id"=>"1"}
  [1m[36mUser Load (0.3ms)[0m  [1m[34mSELECT "users".* FROM "users" WHERE "users"."id" = 1 LIMIT 1 /*action='show',application='Backend',controller='leads'*/[0m
  ↳ app/controllers/application_controller.rb:12:in `authenticate_request'
  [1m[36mLead Load (0.2ms)[0m  [1m[34mSELECT "leads".* FROM "leads" WHERE "leads"."id" = 1 LIMIT 1 /*action='show',application='Backend',controller='leads'*/[0m
  ↳ app/controllers/api/leads_controller.rb:108:in `set_lead'
  [1m[36mUser Load (0.3ms)[0m  [1m[34mSELECT "users".* FROM "users" WHERE "users"."id" = 2 LIMIT 1 /*action='show',application='Backend',controller='leads'*/[0m
  ↳ app/serializers/lead_serializer.rb:27:in `assigned_user'
  [1m[36mNote Count (0.7ms)[0m  [1m[34mSELECT COUNT(*) FROM "notes" WHERE "notes"."lead_id" = 1 /*action='show',application='Backend',controller='leads'*/[0m
  ↳ app/serializers/lead_serializer.rb:19:in `as_json'
  [1m[36mActivity Count (0.9ms)[0m  [1m[34mSELECT COUNT(*) FROM "activities" WHERE "activities"."lead_id" = 1 /*action='show',application='Backend',controller='leads'*/[0m
  ↳ app/serializers/lead_serializer.rb:20:in `as_json'
Completed 500 Internal Server Error in 37ms (ActiveRecord: 8.0ms (5 queries, 0 cached) | GC: 0.0ms)


  
NameError (uninitialized constant Api::LeadsController::NotesSerializer):
  
app/controllers/api/leads_controller.rb:27:in `show'
Started POST "/api/login" for ::1 at 2026-07-26 22:30:44 +0530
Processing by Api::AuthController#login as */*
  Parameters: {"email"=>"[FILTERED]", "password"=>"[FILTERED]", "auth"=>{"email"=>"[FILTERED]", "password"=>"[FILTERED]"}}
  [1m[36mUser Load (0.9ms)[0m  [1m[34mSELECT "users".* FROM "users" WHERE "users"."email" = 'admin@example.com' LIMIT 1 /*action='login',application='Backend',controller='auth'*/[0m
  ↳ app/controllers/api/auth_controller.rb:4:in `login'
Completed 200 OK in 342ms (Views: 0.2ms | ActiveRecord: 0.8ms (1 query, 0 cached) | GC: 0.0ms)


Started GET "/api" for ::1 at 2026-07-26 22:30:49 +0530
  
ActionController::RoutingError (No route matches [GET] "/api"):
  
Started GET "/favicon.ico" for ::1 at 2026-07-26 22:30:49 +0530
  
ActionController::RoutingError (No route matches [GET] "/favicon.ico"):
  
Started POST "/api/login" for ::1 at 2026-07-26 22:31:04 +0530
Processing by Api::AuthController#login as */*
  Parameters: {"email"=>"[FILTERED]", "password"=>"[FILTERED]", "auth"=>{"email"=>"[FILTERED]", "password"=>"[FILTERED]"}}
  [1m[36mUser Load (0.4ms)[0m  [1m[34mSELECT "users".* FROM "users" WHERE "users"."email" = 'admin@example.com' LIMIT 1 /*action='login',application='Backend',controller='auth'*/[0m
  ↳ app/controllers/api/auth_controller.rb:4:in `login'
Completed 200 OK in 297ms (Views: 0.2ms | ActiveRecord: 0.4ms (1 query, 0 cached) | GC: 1.0ms)


Started GET "/api/dashboard" for ::1 at 2026-07-26 22:31:05 +0530
Processing by Api::DashboardController#index as */*
  [1m[36mUser Load (0.3ms)[0m  [1m[34mSELECT "users".* FROM "users" WHERE "users"."id" = 1 LIMIT 1 /*action='index',application='Backend',controller='dashboard'*/[0m
  ↳ app/controllers/application_controller.rb:12:in `authenticate_request'
  [1m[36mLead Count (0.3ms)[0m  [1m[34mSELECT COUNT(*) FROM "leads" /*action='index',application='Backend',controller='dashboard'*/[0m
  ↳ app/controllers/api/dashboard_controller.rb:9:in `index'
  [1m[36mLead Count (0.2ms)[0m  [1m[34mSELECT COUNT(*) FROM "leads" WHERE "leads"."status" = 0 /*action='index',application='Backend',controller='dashboard'*/[0m
  ↳ app/controllers/api/dashboard_controller.rb:10:in `index'
  [1m[36mLead Count (0.2ms)[0m  [1m[34mSELECT COUNT(*) FROM "leads" WHERE "leads"."status" = 1 /*action='index',application='Backend',controller='dashboard'*/[0m
  ↳ app/controllers/api/dashboard_controller.rb:11:in `index'
  [1m[36mLead Count (0.3ms)[0m  [1m[34mSELECT COUNT(*) FROM "leads" WHERE "leads"."status" = 2 /*action='index',application='Backend',controller='dashboard'*/[0m
  ↳ app/controllers/api/dashboard_controller.rb:12:in `index'
  [1m[36mLead Count (0.5ms)[0m  [1m[34mSELECT COUNT(*) FROM "leads" WHERE "leads"."status" = 3 /*action='index',application='Backend',controller='dashboard'*/[0m
  ↳ app/controllers/api/dashboard_controller.rb:13:in `index'
  [1m[36mLead Count (0.3ms)[0m  [1m[34mSELECT COUNT(*) FROM "leads" WHERE "leads"."status" = 4 /*action='index',application='Backend',controller='dashboard'*/[0m
  ↳ app/controllers/api/dashboard_controller.rb:14:in `index'
  [1m[36mLead Count (0.3ms)[0m  [1m[34mSELECT COUNT(*) FROM "leads" WHERE "leads"."status" = 5 /*action='index',application='Backend',controller='dashboard'*/[0m
  ↳ app/controllers/api/dashboard_controller.rb:15:in `index'
Completed 200 OK in 15ms (Views: 0.2ms | ActiveRecord: 2.4ms (8 queries, 0 cached) | GC: 1.9ms)


Started POST "/api/login" for ::1 at 2026-07-26 22:31:18 +0530
Processing by Api::AuthController#login as */*
  Parameters: {"email"=>"[FILTERED]", "password"=>"[FILTERED]", "auth"=>{"email"=>"[FILTERED]", "password"=>"[FILTERED]"}}
  [1m[36mUser Load (0.4ms)[0m  [1m[34mSELECT "users".* FROM "users" WHERE "users"."email" = 'admin@example.com' LIMIT 1 /*action='login',application='Backend',controller='auth'*/[0m
  ↳ app/controllers/api/auth_controller.rb:4:in `login'
Completed 200 OK in 285ms (Views: 0.2ms | ActiveRecord: 0.3ms (1 query, 0 cached) | GC: 0.0ms)


Started GET "/api/leads?page=1&per_page=5" for ::1 at 2026-07-26 22:31:19 +0530
Processing by Api::LeadsController#index as */*
  Parameters: {"page"=>"1", "per_page"=>"5"}
  [1m[36mUser Load (0.4ms)[0m  [1m[34mSELECT "users".* FROM "users" WHERE "users"."id" = 1 LIMIT 1 /*action='index',application='Backend',controller='leads'*/[0m
  ↳ app/controllers/application_controller.rb:12:in `authenticate_request'
  [1m[36mLead Count (0.3ms)[0m  [1m[34mSELECT COUNT(*) FROM "leads" /*action='index',application='Backend',controller='leads'*/[0m
  ↳ app/controllers/api/leads_controller.rb:17:in `index'
  [1m[36mLead Load (40.8ms)[0m  [1m[34mSELECT "leads".* FROM "leads" ORDER BY "leads"."created_at" DESC LIMIT 5 OFFSET 0 /*action='index',application='Backend',controller='leads'*/[0m
  ↳ app/serializers/lead_serializer.rb:45:in `map'
  [1m[36mUser Load (0.6ms)[0m  [1m[34mSELECT "users".* FROM "users" WHERE "users"."id" = 2 LIMIT 1 /*action='index',application='Backend',controller='leads'*/[0m
  ↳ app/serializers/lead_serializer.rb:27:in `assigned_user'
  [1m[36mNote Count (0.3ms)[0m  [1m[34mSELECT COUNT(*) FROM "notes" WHERE "notes"."lead_id" = 8 /*action='index',application='Backend',controller='leads'*/[0m
  ↳ app/serializers/lead_serializer.rb:19:in `as_json'
  [1m[36mActivity Count (0.3ms)[0m  [1m[34mSELECT COUNT(*) FROM "activities" WHERE "activities"."lead_id" = 8 /*action='index',application='Backend',controller='leads'*/[0m
  ↳ app/serializers/lead_serializer.rb:20:in `as_json'
  [1m[36mNote Count (0.7ms)[0m  [1m[34mSELECT COUNT(*) FROM "notes" WHERE "notes"."lead_id" = 7 /*action='index',application='Backend',controller='leads'*/[0m
  ↳ app/serializers/lead_serializer.rb:19:in `as_json'
  [1m[36mActivity Count (0.2ms)[0m  [1m[34mSELECT COUNT(*) FROM "activities" WHERE "activities"."lead_id" = 7 /*action='index',application='Backend',controller='leads'*/[0m
  ↳ app/serializers/lead_serializer.rb:20:in `as_json'
  [1m[36mUser Load (0.3ms)[0m  [1m[34mSELECT "users".* FROM "users" WHERE "users"."id" = 3 LIMIT 1 /*action='index',application='Backend',controller='leads'*/[0m
  ↳ app/serializers/lead_serializer.rb:27:in `assigned_user'
  [1m[36mNote Count (0.3ms)[0m  [1m[34mSELECT COUNT(*) FROM "notes" WHERE "notes"."lead_id" = 6 /*action='index',application='Backend',controller='leads'*/[0m
  ↳ app/serializers/lead_serializer.rb:19:in `as_json'
  [1m[36mActivity Count (0.8ms)[0m  [1m[34mSELECT COUNT(*) FROM "activities" WHERE "activities"."lead_id" = 6 /*action='index',application='Backend',controller='leads'*/[0m
  ↳ app/serializers/lead_serializer.rb:20:in `as_json'
  [1m[36mCACHE User Load (0.0ms)[0m  [1m[34mSELECT "users".* FROM "users" WHERE "users"."id" = 3 LIMIT 1[0m
  ↳ app/serializers/lead_serializer.rb:27:in `assigned_user'
  [1m[36mNote Count (1.1ms)[0m  [1m[34mSELECT COUNT(*) FROM "notes" WHERE "notes"."lead_id" = 5 /*action='index',application='Backend',controller='leads'*/[0m
  ↳ app/serializers/lead_serializer.rb:19:in `as_json'
  [1m[36mActivity Count (0.4ms)[0m  [1m[34mSELECT COUNT(*) FROM "activities" WHERE "activities"."lead_id" = 5 /*action='index',application='Backend',controller='leads'*/[0m
  ↳ app/serializers/lead_serializer.rb:20:in `as_json'
  [1m[36mCACHE User Load (0.0ms)[0m  [1m[34mSELECT "users".* FROM "users" WHERE "users"."id" = 2 LIMIT 1[0m
  ↳ app/serializers/lead_serializer.rb:27:in `assigned_user'
  [1m[36mNote Count (0.3ms)[0m  [1m[34mSELECT COUNT(*) FROM "notes" WHERE "notes"."lead_id" = 4 /*action='index',application='Backend',controller='leads'*/[0m
  ↳ app/serializers/lead_serializer.rb:19:in `as_json'
  [1m[36mActivity Count (0.3ms)[0m  [1m[34mSELECT COUNT(*) FROM "activities" WHERE "activities"."lead_id" = 4 /*action='index',application='Backend',controller='leads'*/[0m
  ↳ app/serializers/lead_serializer.rb:20:in `as_json'
Completed 200 OK in 91ms (Views: 0.6ms | ActiveRecord: 47.0ms (17 queries, 2 cached) | GC: 0.5ms)


Started POST "/api/login" for ::1 at 2026-07-26 22:31:55 +0530
Processing by Api::AuthController#login as */*
  Parameters: {"email"=>"[FILTERED]", "password"=>"[FILTERED]", "auth"=>{"email"=>"[FILTERED]", "password"=>"[FILTERED]"}}
  [1m[36mUser Load (0.3ms)[0m  [1m[34mSELECT "users".* FROM "users" WHERE "users"."email" = 'admin@example.com' LIMIT 1 /*action='login',application='Backend',controller='auth'*/[0m
  ↳ app/controllers/api/auth_controller.rb:4:in `login'
Completed 200 OK in 295ms (Views: 0.2ms | ActiveRecord: 0.3ms (1 query, 0 cached) | GC: 10.2ms)


Started GET "/api/leads/1" for ::1 at 2026-07-26 22:31:56 +0530
Processing by Api::LeadsController#show as */*
  Parameters: {"id"=>"1"}
  [1m[36mUser Load (0.4ms)[0m  [1m[34mSELECT "users".* FROM "users" WHERE "users"."id" = 1 LIMIT 1 /*action='show',application='Backend',controller='leads'*/[0m
  ↳ app/controllers/application_controller.rb:12:in `authenticate_request'
  [1m[36mLead Load (1.0ms)[0m  [1m[34mSELECT "leads".* FROM "leads" WHERE "leads"."id" = 1 LIMIT 1 /*action='show',application='Backend',controller='leads'*/[0m
  ↳ app/controllers/api/leads_controller.rb:108:in `set_lead'
  [1m[36mUser Load (0.3ms)[0m  [1m[34mSELECT "users".* FROM "users" WHERE "users"."id" = 2 LIMIT 1 /*action='show',application='Backend',controller='leads'*/[0m
  ↳ app/serializers/lead_serializer.rb:27:in `assigned_user'
  [1m[36mNote Count (0.4ms)[0m  [1m[34mSELECT COUNT(*) FROM "notes" WHERE "notes"."lead_id" = 1 /*action='show',application='Backend',controller='leads'*/[0m
  ↳ app/serializers/lead_serializer.rb:19:in `as_json'
  [1m[36mActivity Count (0.4ms)[0m  [1m[34mSELECT COUNT(*) FROM "activities" WHERE "activities"."lead_id" = 1 /*action='show',application='Backend',controller='leads'*/[0m
  ↳ app/serializers/lead_serializer.rb:20:in `as_json'
Completed 500 Internal Server Error in 13ms (ActiveRecord: 2.5ms (5 queries, 0 cached) | GC: 0.0ms)


  
NameError (uninitialized constant Api::LeadsController::NotesSerializer):
  
app/controllers/api/leads_controller.rb:27:in `show'
Started GET "/" for ::1 at 2026-07-26 22:39:07 +0530
Processing by Rails::WelcomeController#index as HTML
  Rendering /Users/siddhantsharma/.rvm/gems/ruby-3.3.2/gems/railties-8.1.3/lib/rails/templates/rails/welcome/index.html.erb
  Rendered /Users/siddhantsharma/.rvm/gems/ruby-3.3.2/gems/railties-8.1.3/lib/rails/templates/rails/welcome/index.html.erb (Duration: 1.1ms | GC: 0.0ms)
Completed 200 OK in 5ms (Views: 2.7ms | ActiveRecord: 0.0ms (0 queries, 0 cached) | GC: 0.0ms)


Started GET "/icon.png" for ::1 at 2026-07-26 22:39:07 +0530
  
ActionController::RoutingError (No route matches [GET] "/icon.png"):
  
Started GET "/api" for ::1 at 2026-07-26 22:39:16 +0530
  
ActionController::RoutingError (No route matches [GET] "/api"):
  
Started GET "/favicon.ico" for ::1 at 2026-07-26 22:39:16 +0530
  
ActionController::RoutingError (No route matches [GET] "/favicon.ico"):
  
Started POST "/api/login" for ::1 at 2026-07-26 22:47:34 +0530
  [1m[36mActiveRecord::SchemaMigration Load (0.8ms)[0m  [1m[34mSELECT "schema_migrations"."version" FROM "schema_migrations" ORDER BY "schema_migrations"."version" ASC /*application='Backend'*/[0m
Processing by Api::AuthController#login as */*
  Parameters: {"email"=>"[FILTERED]", "password"=>"[FILTERED]", "auth"=>{"email"=>"[FILTERED]", "password"=>"[FILTERED]"}}
  [1m[36mUser Load (0.9ms)[0m  [1m[34mSELECT "users".* FROM "users" WHERE "users"."email" = 'admin@example.com' LIMIT 1 /*action='login',application='Backend',controller='auth'*/[0m
  ↳ app/controllers/api/auth_controller.rb:4:in `login'
Completed 200 OK in 361ms (Views: 0.3ms | ActiveRecord: 14.6ms (1 query, 0 cached) | GC: 0.0ms)


Started POST "/api/login" for ::1 at 2026-07-26 22:47:46 +0530
Processing by Api::AuthController#login as */*
  Parameters: {"email"=>"[FILTERED]", "password"=>"[FILTERED]", "auth"=>{"email"=>"[FILTERED]", "password"=>"[FILTERED]"}}
  [1m[36mUser Load (0.3ms)[0m  [1m[34mSELECT "users".* FROM "users" WHERE "users"."email" = 'admin@example.com' LIMIT 1 /*action='login',application='Backend',controller='auth'*/[0m
  ↳ app/controllers/api/auth_controller.rb:4:in `login'
Completed 200 OK in 261ms (Views: 0.2ms | ActiveRecord: 0.3ms (1 query, 0 cached) | GC: 0.0ms)


Started GET "/api/leads/1" for ::1 at 2026-07-26 22:47:46 +0530
Processing by Api::LeadsController#show as */*
  Parameters: {"id"=>"1"}
  [1m[36mUser Load (0.4ms)[0m  [1m[34mSELECT "users".* FROM "users" WHERE "users"."id" = 1 LIMIT 1 /*action='show',application='Backend',controller='leads'*/[0m
  ↳ app/controllers/application_controller.rb:12:in `authenticate_request'
  [1m[36mLead Load (0.7ms)[0m  [1m[34mSELECT "leads".* FROM "leads" WHERE "leads"."id" = 1 LIMIT 1 /*action='show',application='Backend',controller='leads'*/[0m
  ↳ app/controllers/api/leads_controller.rb:111:in `set_lead'
  [1m[36mUser Load (0.4ms)[0m  [1m[34mSELECT "users".* FROM "users" WHERE "users"."id" = 2 LIMIT 1 /*action='show',application='Backend',controller='leads'*/[0m
  ↳ app/serializers/lead_serializer.rb:27:in `assigned_user'
  [1m[36mNote Count (0.7ms)[0m  [1m[34mSELECT COUNT(*) FROM "notes" WHERE "notes"."lead_id" = 1 /*action='show',application='Backend',controller='leads'*/[0m
  ↳ app/serializers/lead_serializer.rb:19:in `as_json'
  [1m[36mActivity Count (0.8ms)[0m  [1m[34mSELECT COUNT(*) FROM "activities" WHERE "activities"."lead_id" = 1 /*action='show',application='Backend',controller='leads'*/[0m
  ↳ app/serializers/lead_serializer.rb:20:in `as_json'
  [1m[36mNote Load (0.7ms)[0m  [1m[34mSELECT "notes".* FROM "notes" WHERE "notes"."lead_id" = 1 ORDER BY "notes"."created_at" DESC /*action='show',application='Backend',controller='leads'*/[0m
  ↳ app/controllers/api/leads_controller.rb:30:in `map'
  [1m[36mUser Load (0.4ms)[0m  [1m[34mSELECT "users".* FROM "users" WHERE "users"."id" = 2 /*action='show',application='Backend',controller='leads'*/[0m
  ↳ app/controllers/api/leads_controller.rb:30:in `map'
  [1m[36mActivity Load (0.3ms)[0m  [1m[34mSELECT "activities".* FROM "activities" WHERE "activities"."lead_id" = 1 ORDER BY "activities"."created_at" DESC /*action='show',application='Backend',controller='leads'*/[0m
  ↳ app/controllers/api/leads_controller.rb:31:in `map'
  [1m[36mCACHE User Load (0.0ms)[0m  [1m[34mSELECT "users".* FROM "users" WHERE "users"."id" = 2[0m
  ↳ app/controllers/api/leads_controller.rb:31:in `map'
Completed 200 OK in 73ms (Views: 0.2ms | ActiveRecord: 9.4ms (9 queries, 1 cached) | GC: 0.0ms)


Started POST "/api/leads" for ::1 at 2026-07-26 22:48:28 +0530
Processing by Api::LeadsController#create as */*
  Parameters: {"name"=>"Test User", "email"=>"[FILTERED]", "phone"=>"+1-555-9999", "company"=>"TestCo", "message"=>"Test message", "lead"=>{"company"=>"TestCo", "email"=>"[FILTERED]", "message"=>"Test message", "name"=>"Test User", "phone"=>"+1-555-9999"}}
[31mUnpermitted parameter: :lead. Context: { controller: Api::LeadsController, action: create, request: #<ActionDispatch::Request:0x0000000124984250>, params: {"name"=>"Test User", "email"=>"[FILTERED]", "phone"=>"+1-555-9999", "company"=>"TestCo", "message"=>"Test message", "controller"=>"api/leads", "action"=>"create", "lead"=>{"company"=>"TestCo", "email"=>"[FILTERED]", "message"=>"Test message", "name"=>"Test User", "phone"=>"+1-555-9999"}} }[0m
  [1m[36mTRANSACTION (0.1ms)[0m  [1m[35mBEGIN /*action='create',application='Backend',controller='leads'*/[0m
  ↳ app/controllers/api/leads_controller.rb:39:in `create'
  [1m[36mLead Create (1.9ms)[0m  [1m[32mINSERT INTO "leads" ("assigned_to_id", "company", "created_at", "email", "message", "name", "phone", "status", "updated_at") VALUES (NULL, 'TestCo', '2026-07-26 17:18:28.626403', 'test@example.com', 'Test message', 'Test User', '+1-555-9999', 0, '2026-07-26 17:18:28.626403') RETURNING "id" /*action='create',application='Backend',controller='leads'*/[0m
  ↳ app/controllers/api/leads_controller.rb:39:in `create'
  [1m[36mTRANSACTION (40.8ms)[0m  [1m[35mCOMMIT /*action='create',application='Backend',controller='leads'*/[0m
  ↳ app/controllers/api/leads_controller.rb:39:in `create'
  [1m[36mTRANSACTION (0.3ms)[0m  [1m[35mBEGIN /*action='create',application='Backend',controller='leads'*/[0m
  ↳ app/services/activity_service.rb:3:in `track'
  [1m[36mActivity Create (3.2ms)[0m  [1m[32mINSERT INTO "activities" ("action", "created_at", "details", "lead_id", "updated_at", "user_id") VALUES ('lead_created', '2026-07-26 17:18:28.722260', 'Lead was created', 9, '2026-07-26 17:18:28.722260', NULL) RETURNING "id" /*action='create',application='Backend',controller='leads'*/[0m
  ↳ app/services/activity_service.rb:3:in `track'
  [1m[36mTRANSACTION (40.5ms)[0m  [1m[35mCOMMIT /*action='create',application='Backend',controller='leads'*/[0m
  ↳ app/services/activity_service.rb:3:in `track'
  [1m[36mNote Count (0.4ms)[0m  [1m[34mSELECT COUNT(*) FROM "notes" WHERE "notes"."lead_id" = 9 /*action='create',application='Backend',controller='leads'*/[0m
  ↳ app/serializers/lead_serializer.rb:19:in `as_json'
  [1m[36mActivity Count (0.3ms)[0m  [1m[34mSELECT COUNT(*) FROM "activities" WHERE "activities"."lead_id" = 9 /*action='create',application='Backend',controller='leads'*/[0m
  ↳ app/serializers/lead_serializer.rb:20:in `as_json'
Completed 201 Created in 149ms (Views: 0.2ms | ActiveRecord: 87.5ms (4 queries, 0 cached) | GC: 34.1ms)


Started POST "/api/login" for ::1 at 2026-07-26 22:48:30 +0530
Processing by Api::AuthController#login as */*
  Parameters: {"email"=>"[FILTERED]", "password"=>"[FILTERED]", "auth"=>{"email"=>"[FILTERED]", "password"=>"[FILTERED]"}}
  [1m[36mUser Load (0.4ms)[0m  [1m[34mSELECT "users".* FROM "users" WHERE "users"."email" = 'admin@example.com' LIMIT 1 /*action='login',application='Backend',controller='auth'*/[0m
  ↳ app/controllers/api/auth_controller.rb:4:in `login'
Completed 200 OK in 284ms (Views: 0.2ms | ActiveRecord: 0.4ms (1 query, 0 cached) | GC: 0.0ms)


Started POST "/api/leads/1/add_note" for ::1 at 2026-07-26 22:48:30 +0530
Processing by Api::LeadsController#add_note as */*
  Parameters: {"message"=>"This is a test note", "id"=>"1", "lead"=>{"message"=>"This is a test note"}}
  [1m[36mUser Load (0.4ms)[0m  [1m[34mSELECT "users".* FROM "users" WHERE "users"."id" = 1 LIMIT 1 /*action='add_note',application='Backend',controller='leads'*/[0m
  ↳ app/controllers/application_controller.rb:12:in `authenticate_request'
  [1m[36mLead Load (0.3ms)[0m  [1m[34mSELECT "leads".* FROM "leads" WHERE "leads"."id" = 1 LIMIT 1 /*action='add_note',application='Backend',controller='leads'*/[0m
  ↳ app/controllers/api/leads_controller.rb:111:in `set_lead'
  [1m[36mTRANSACTION (0.1ms)[0m  [1m[35mBEGIN /*action='add_note',application='Backend',controller='leads'*/[0m
  ↳ app/controllers/api/leads_controller.rb:100:in `add_note'
  [1m[36mNote Create (2.4ms)[0m  [1m[32mINSERT INTO "notes" ("created_at", "lead_id", "message", "updated_at", "user_id") VALUES ('2026-07-26 17:18:30.914187', 1, 'This is a test note', '2026-07-26 17:18:30.914187', 1) RETURNING "id" /*action='add_note',application='Backend',controller='leads'*/[0m
  ↳ app/controllers/api/leads_controller.rb:100:in `add_note'
  [1m[36mTRANSACTION (2.2ms)[0m  [1m[35mCOMMIT /*action='add_note',application='Backend',controller='leads'*/[0m
  ↳ app/controllers/api/leads_controller.rb:100:in `add_note'
  [1m[36mTRANSACTION (0.2ms)[0m  [1m[35mBEGIN /*action='add_note',application='Backend',controller='leads'*/[0m
  ↳ app/services/activity_service.rb:3:in `track'
  [1m[36mActivity Create (2.2ms)[0m  [1m[32mINSERT INTO "activities" ("action", "created_at", "details", "lead_id", "updated_at", "user_id") VALUES ('note_added', '2026-07-26 17:18:30.924266', 'Note added by Admin User', 1, '2026-07-26 17:18:30.924266', 1) RETURNING "id" /*action='add_note',application='Backend',controller='leads'*/[0m
  ↳ app/services/activity_service.rb:3:in `track'
  [1m[36mTRANSACTION (0.6ms)[0m  [1m[35mCOMMIT /*action='add_note',application='Backend',controller='leads'*/[0m
  ↳ app/services/activity_service.rb:3:in `track'
Completed 201 Created in 24ms (Views: 0.2ms | ActiveRecord: 8.6ms (4 queries, 0 cached) | GC: 3.1ms)


Started POST "/api/login" for ::1 at 2026-07-26 22:48:32 +0530
Processing by Api::AuthController#login as */*
  Parameters: {"email"=>"[FILTERED]", "password"=>"[FILTERED]", "auth"=>{"email"=>"[FILTERED]", "password"=>"[FILTERED]"}}
  [1m[36mUser Load (0.4ms)[0m  [1m[34mSELECT "users".* FROM "users" WHERE "users"."email" = 'admin@example.com' LIMIT 1 /*action='login',application='Backend',controller='auth'*/[0m
  ↳ app/controllers/api/auth_controller.rb:4:in `login'
Completed 200 OK in 282ms (Views: 0.3ms | ActiveRecord: 0.4ms (1 query, 0 cached) | GC: 0.0ms)


Started GET "/api/users" for ::1 at 2026-07-26 22:48:32 +0530
Processing by Api::UsersController#index as */*
  [1m[36mUser Load (0.3ms)[0m  [1m[34mSELECT "users".* FROM "users" WHERE "users"."id" = 1 LIMIT 1 /*action='index',application='Backend',controller='users'*/[0m
  ↳ app/controllers/application_controller.rb:12:in `authenticate_request'
  [1m[36mUser Load (0.3ms)[0m  [1m[34mSELECT "users".* FROM "users" ORDER BY "users"."created_at" DESC /*action='index',application='Backend',controller='users'*/[0m
  ↳ app/controllers/api/users_controller.rb:8:in `map'
Completed 200 OK in 4ms (Views: 0.2ms | ActiveRecord: 0.6ms (2 queries, 0 cached) | GC: 0.0ms)


